# port=/dev/serial/by-id/usb-Espressif_USB_JTAG_serial_debug_unit_D0:CF:13:16:17:DC-if00 modem_control=none
I (105) esp_image: segment 3: paddr=00070020 vaddr=42000020 size[5nI (1033) runtime: runtime ready: ops=512 arena=32768B trace=16384B widgets=128 (26652 bytes, PSRAM)
I (1048) gpio: GPIO[5]| InputEn: 0| OutputEn: 0| OpenDrain: 0| Pullup: 1| Pulldown: 0| Intr:0 
I (1048) gpio: GPIO[6]| InputEn: 0| OutputEn: 0| OpenDr
# >>> js probe 11
js probe 11
I (42380) m5_backend: present id=2 intent=CleanFull ops=10 skipped=0 damage=0,0,540,960 render_us=133394 wait_us=16
I (42381) js: js present: page=probe11 hits=0 mode=1
pulp screen: probe11
probe11: kindcheck -> line(x0,y0,x1,y1,gray,t?): not a Canvas
probe11: capacity -> canvas append failed: CapacityExceeded
js init=1 screen_active=1 arena=163840 evals=3 exceptions=0 dispatches=0 last_error=""
pulp> 
# >>> js probe 12
js probe 12
I (46270) js: js present: page=probe11 hits=0 mode=1
pulp screen: probe11
probe11: kindcheck -> line(x0,y0,x1,y1,gray,t?): not a Canvas
probe11: capacity -> canvas append failed: CapacityExceeded
present id=3 intent=CleanFull ops=10 damage=0,0,540,960
op kind=FillRect gray=255 bounds=0,0,540,960 clip=0,0,540,960
op kind=GlyphRun gray=0 bounds=40,16,460,45 clip=0,0,540,81 baseline=52 font=2 size=0 text="CANVAS PROBE"
op kind=FillRect gray=0 bounds=40,69,460,6 clip=0,0,540,81
op kind=StrokeRect gray=0 bounds=60,111,440,660 clip=40,91,460,700 thickness=3
op kind=Line gray=0 bounds=59,110,441,663 clip=40,91,460,700 from=60,111 to=520,771 t=2
op kind=Line gray=128 bounds=60,111,440,662 clip=40,91,460,700 from=520,111 to=60,771 t=1
op kind=Circle gray=0 bounds=210,211,161,161 clip=40,91,460,700 c=290,291 r=80 t=0
op kind=Circle gray=0 bounds=190,451,201,201 clip=40,91,460,700 c=290,551 r=100 t=6
op kind=Circle gray=128 bounds=220,481,141,141 clip=40,91,460,700 c=290,551 r=70 t=3
op kind=FillRect gray=200 bounds=100,651,120,80 clip=40,91,460,700
js init=1 screen_active=1 arena=163840 evals=4 exceptions=0 dispatches=0 last_error=""
pulp> 
# done
