# port=/dev/serial/by-id/usb-Espressif_USB_JTAG_serial_debug_unit_D0:CF:13:16:17:DC-if00 modem_control=none
I (101) esp_image: segment 2: paddr=0006c660 vaddr=40374000 size[5nI (1033) runtime: runtime ready: ops=512 arena=32768B trace=16384B widgets=128 (26652 bytes, PSRAM)
I (1048) gpio: GPIO[5]| InputEn: 0| OutputEn: 0| OpenDrain: 0| Pullup: 1| Pulldown: 0| Intr:0 
I (1048) gpio: GPIO[6]| InputEn: 0| OutputEn: 0| OpenDr
# >>> js hits
js hits
js hits: 8 region(s), page=home active=1
  hit[0] cb=3 rect=0,150 540x61 z=0
  hit[1] cb=4 rect=0,211 540x61 z=0
  hit[2] cb=5 rect=0,272 540x61 z=0
  hit[3] cb=6 rect=0,333 540x61 z=0
  hit[4] cb=7 rect=0,394 540x61 z=0
  hit[5] cb=8 rect=0,455 540x61 z=0
  hit[6] cb=9 rect=0,516 540x61 z=0
  hit[7] cb=10 rect=0,577 540x61 z=0
js init=1 screen_active=1 arena=163840 evals=2 exceptions=0 dispatches=0 last_error=""
pulp> 
# >>> js tap 270 607
js tap 270 607
I (28522) js: tap 270,607 hit=10 (regions=8)
pulp screen: ink/0
I (28647) m5_backend: present id=2 intent=CleanFull ops=21 skipped=0 damage=0,0,540,960 render_us=114584 wait_us=12
I (28648) js: js present: page=ink hits=0 mode=1
js init=1 screen_active=1 arena=163840 evals=2 exceptions=0 dispatches=1 last_error=""
pulp> I (29668) js: js present: page=ink hits=0 mode=2
I (30688) js: js present: page=ink hits=0 mode=2
I (31705) js: js present: page=ink hits=0 mode=2

# >>> js tap 270 400
js tap 270 400
I (32561) js: tap 270,400 hit=0 (regions=0)
pulp screen: ink/1
I (32696) m5_backend: present id=3 intent=CleanFull ops=38 skipped=0 damage=0,0,540,960 render_us=127944 wait_us=7
I (32697) js: js present: page=ink hits=0 mode=1
js init=1 screen_active=1 arena=163840 evals=2 exceptions=0 dispatches=5 last_error=""
pulp> I (33707) js: js present: page=ink hits=0 mode=2
I (34727) js: js present: page=ink hits=0 mode=2
I (35744) js: js present: page=ink hits=0 mode=2

# >>> js tap 270 400
js tap 270 400
I (36600) js: tap 270,400 hit=0 (regions=0)
pulp screen: ink/2
I (36966) m5_backend: present id=4 intent=CleanFull ops=38 skipped=0 damage=0,0,540,960 render_us=360450 wait_us=16
I (36967) js: js present: page=ink hits=0 mode=1
js init=1 screen_active=1 arena=163840 evals=2 exceptions=0 dispatches=9 last_error=""
pulp> I (37987) js: js present: page=ink hits=0 mode=2
I (39007) js: js present: page=ink hits=0 mode=2
I (40024) js: js present: page=ink hits=0 mode=2

# >>> js tap 270 400
js tap 270 400
I (40628) js: tap 270,400 hit=0 (regions=0)
pulp screen: ink/0
I (40751) m5_backend: present id=5 intent=CleanFull ops=21 skipped=0 damage=0,0,540,960 render_us=114032 wait_us=7
I (40752) js: js present: page=ink hits=0 mode=1
js init=1 screen_active=1 arena=163840 evals=2 exceptions=0 dispatches=13 last_error=""
pulp> I (41768) js: js present: page=ink hits=0 mode=2
I (42788) js: js present: page=ink hits=0 mode=2
I (43805) js: js present: page=ink hits=0 mode=2

# done
