# port=/dev/serial/by-id/usb-Espressif_USB_JTAG_serial_debug_unit_D0:CF:13:16:17:DC-if00 modem_control=none
I (44825) js: js present: page=ink hits=0 mode=2
I (45845) js: js present: page=ink hits=0 mode=2
I (46865) js: js present: page=ink hits=0 mode=2
I (47885) js: js present: page=ink hits=0 mode=2
I (48905) js: js present: page=ink hits=0 mode=2
I (49925) 
# >>> js status
js status
js init=1 screen_active=1 arena=163840 evals=2 exceptions=0 dispatches=45 last_error=""
pulp> I (74485) js: js present: page=ink hits=0 mode=2
I (75505) js: js present: page=ink hits=0 mode=2
I (76525) js: js present: page=ink hits=0 mode=2
I (77545) js: js present: page=ink hits=0 mode=2
I (78565) js: js present: page=ink hits=0 mode=2
I (79585) js: js present: page=ink hits=0 mode=2
I (80605) js: js present: page=ink hits=0 mode=2
I (81625) js: js present: page=ink hits=0 mode=2
I (82645) js: js present: page=ink hits=0 mode=2
I (83665) js: js present: page=ink hits=0 mode=2
I (84685) js: js present: page=ink hits=0 mode=2
I (85705) js: js present: page=ink hits=0 mode=2
I (86725) js: js present: page=ink hits=0 mode=2
I (87745) js: js present: page=ink hits=0 mode=2
I (88765) js: js present: page=ink hits=0 mode=2
I (89785) js: js present: page=ink hits=0 mode=2
I (90805) js: js present: page=ink hits=0 mode=2
I (91825) js: js present: page=ink hits=0 mode=2
I (92845) js: js present: page=ink hits=0 mode=2
I (93865) js: js present: page=ink hits=0 mode=2
I (94885) js: js present: page=ink hits=0 mode=2
I (95905) js: js present: page=ink hits=0 mode=2
I (96925) js: js present: page=ink hits=0 mode=2
I (97945) js: js present: page=ink hits=0 mode=2
I (98965) js: js present: page=ink hits=0 mode=2
I (99985) js: js present: page=ink hits=0 mode=2
I (101005) js: js present: page=ink hits=0 mode=2
I (102025) js: js present: page=ink hits=0 mode=2
I (103045) js: js present: page=ink hits=0 mode=2
I (104065) js: js present: page=ink hits=0 mode=2
I (105085) js: js present: page=ink hits=0 mode=2
I (106105) js: js present: page=ink hits=0 mode=2
I (107125) js: js present: page=ink hits=0 mode=2
I (108145) js: js present: page=ink hits=0 mode=2
I (109165) js: js present: page=ink hits=0 mode=2
I (110185) js: js present: page=ink hits=0 mode=2
I (111205) js: js present: page=ink hits=0 mode=2
I (112225) js: js present: page=ink hits=0 mode=2
I (113245) js: js present: page=ink hits=0 mode=2
I (114265) js: js present: page=ink hits=0 mode=2
I (115285) js: js present: page=ink hits=0 mode=2
I (116305) js: js present: page=ink hits=0 mode=2
I (117325) js: js present: page=ink hits=0 mode=2
I (118345) js: js present: page=ink hits=0 mode=2
I (119365) js: js present: page=ink hits=0 mode=2
I (120385) js: js present: page=ink hits=0 mode=2
I (121489) m5_backend: present id=7 intent=TextRegion ops=19 skipped=0 damage=40,87,460,790 render_us=77538 wait_us=7
I (121490) runtime: update present: 2 rect(s), damage 460x790 at 40,87
I (121491) js: js present: page=ink hits=0 mode=2
I (121495) js: js present: page=ink hits=0 mode=2
I (122505) js: js present: page=ink hits=0 mode=2
I (123525) js: js present: page=ink hits=0 mode=2
I (124544) js: js present: page=ink hits=0 mode=2
I (125564) js: js present: page=ink hits=0 mode=2
I (126584) js: js present: page=ink hits=0 mode=2
I (127604) js: js present: page=ink hits=0 mode=2
I (128624) js: js present: page=ink hits=0 mode=2
I (129644) js: js present: page=ink hits=0 mode=2
I (130664) js: js present: page=ink hits=0 mode=2
I (131684) js: js present: page=ink hits=0 mode=2
I (132704) js: js present: page=ink hits=0 mode=2
I (133724) js: js present: page=ink hits=0 mode=2
I (134744) js: js present: page=ink hits=0 mode=2
I (135764) js: js present: page=ink hits=0 mode=2
I (136784) js: js present: page=ink hits=0 mode=2
I (137804) js: js present: page=ink hits=0 mode=2
I (138824) js: js present: page=ink hits=0 mode=2
I (139844) js: js present: page=ink hits=0 mode=2
I (140864) js: js present: page=ink hits=0 mode=2
I (141884) js: js present: page=ink hits=0 mode=2
I (142904) js: js present: page=ink hits=0 mode=2
I (143924) js: js present: page=ink hits=0 mode=2
I (144944) js: js present: page=ink hits=0 mode=2
I (145964) js: js present: page=ink hits=0 mode=2
I (146984) js: js present: page=ink hits=0 mode=2
I (148004) js: js present: page=ink hits=0 mode=2
I (149024) js: js present: page=ink hits=0 mode=2
I (150044) js: js present: page=ink hits=0 mode=2
I (151064) js: js present: page=ink hits=0 mode=2
I (152085) js: js present: page=ink hits=0 mode=2
I (153105) js: js present: page=ink hits=0 mode=2
I (154125) js: js present: page=ink hits=0 mode=2
I (155145) js: js present: page=ink hits=0 mode=2
I (156165) js: js present: page=ink hits=0 mode=2
I (157185) js: js present: page=ink hits=0 mode=2
I (158205) js: js present: page=ink hits=0 mode=2
I (159225) js: js present: page=ink hits=0 mode=2
I (160245) js: js present: page=ink hits=0 mode=2
I (161265) js: js present: page=ink hits=0 mode=2
I (162285) js: js present: page=ink hits=0 mode=2
I (163305) js: js present: page=ink hits=0 mode=2
I (164325) js: js present: page=ink hits=0 mode=2
I (165345) js: js present: page=ink hits=0 mode=2
I (166365) js: js present: page=ink hits=0 mode=2
I (167385) js: js present: page=ink hits=0 mode=2
I (168405) js: js present: page=ink hits=0 mode=2
I (169425) js: js present: page=ink hits=0 mode=2
I (170445) js: js present: page=ink hits=0 mode=2
I (171465) js: js present: page=ink hits=0 mode=2
I (172485) js: js present: page=ink hits=0 mode=2
I (173505) js: js present: page=ink hits=0 mode=2
I (174525) js: js present: page=ink hits=0 mode=2
I (175545) js: js present: page=ink hits=0 mode=2
I (176565) js: js present: page=ink hits=0 mode=2
I (177585) js: js present: page=ink hits=0 mode=2
I (178605) js: js present: page=ink hits=0 mode=2
I (179625) js: js present: page=ink hits=0 mode=2
I (180645) js: js present: page=ink hits=0 mode=2
I (181749) m5_backend: present id=8 intent=TextRegion ops=19 skipped=0 damage=40,87,460,790 render_us=77482 wait_us=7
I (181750) runtime: update present: 2 rect(s), damage 460x790 at 40,87
I (181751) js: js present: page=ink hits=0 mode=2
I (181755) js: js present: page=ink hits=0 mode=2
I (182765) js: js present: page=ink hits=0 mode=2
I (183785) js: js present: page=ink hits=0 mode=2
I (184804) js: js present: page=ink hits=0 mode=2
I (185824) js: js present: page=ink hits=0 mode=2
I (186844) js: js present: page=ink hits=0 mode=2
I (187864) js: js present: page=ink hits=0 mode=2
I (188884) js: js present: page=ink hits=0 mode=2
I (189904) js: js present: page=ink hits=0 mode=2
I (190924) js: js present: page=ink hits=0 mode=2
I (191944) js: js present: page=ink hits=0 mode=2
I (192964) js: js present: page=ink hits=0 mode=2
I (193984) js: js present: page=ink hits=0 mode=2
I (195004) js: js present: page=ink hits=0 mode=2
I (196024) js: js present: page=ink hits=0 mode=2
I (197044) js: js present: page=ink hits=0 mode=2
I (198064) js: js present: page=ink hits=0 mode=2
I (199084) js: js present: page=ink hits=0 mode=2
I (200104) js: js present: page=ink hits=0 mode=2
I (201124) js: js present: page=ink hits=0 mode=2
I (202144) js: js present: page=ink hits=0 mode=2
I (203164) js: js present: page=ink hits=0 mode=2
I (204184) js: js present: page=ink hits=0 mode=2
I (205204) js: js present: page=ink hits=0 mode=2
I (206224) js: js present: page=ink hits=0 mode=2
I (207244) js: js present: page=ink hits=0 mode=2
I (208264) js: js present: page=ink hits=0 mode=2
I (209284) js: js present: page=ink hits=0 mode=2
I (210304) js: js present: page=ink hits=0 mode=2
I (211325) js: js present: page=ink hits=0 mode=2
I (212345) js: js present: page=ink hits=0 mode=2
I (213365) js: js present: page=ink hits=0 mode=2

# done
