Playing: 0067-esp-c3-led-matrix-http/examples/js/03-comet-trails.js
{"ok":true,"output":"\"comet-trails started\"\n","error":null,"timed_out":false}
18:22:33 sample={"ok":true,"output":"\"{\\"lit\\":15,\\"stop\\":false,\\"ms\\":85028}\"
","error":null,"timed_out":false} js={"ok":true,"started":true,"busy":false,"stop_requested":false,"last_timed_out":false,"eval_count":2,"last_eval_ms":116,"last_error":""} matrix={"ok":true,"ready":true,"mode":"script","text":"","chain_len":12,"width":96,"spi_hz":100000,"intensity":4,"test_mode":false,"fps":15,"pause_ms":250,"repeat_count":0,"reverse_modules":false,"flip_vertical":true}
18:22:38 sample={"ok":true,"output":"\"{\\"lit\\":78,\\"stop\\":false,\\"ms\\":89398}\"
","error":null,"timed_out":false} js={"ok":true,"started":true,"busy":false,"stop_requested":false,"last_timed_out":false,"eval_count":3,"last_eval_ms":107,"last_error":""} matrix={"ok":true,"ready":true,"mode":"script","text":"","chain_len":12,"width":96,"spi_hz":100000,"intensity":4,"test_mode":false,"fps":15,"pause_ms":250,"repeat_count":0,"reverse_modules":false,"flip_vertical":true}
18:22:42 sample={"ok":true,"output":"\"{\\"lit\\":89,\\"stop\\":false,\\"ms\\":94032}\"
","error":null,"timed_out":false} js={"ok":true,"started":true,"busy":false,"stop_requested":false,"last_timed_out":false,"eval_count":4,"last_eval_ms":113,"last_error":""} matrix={"ok":true,"ready":true,"mode":"script","text":"","chain_len":12,"width":96,"spi_hz":100000,"intensity":4,"test_mode":false,"fps":15,"pause_ms":250,"repeat_count":0,"reverse_modules":false,"flip_vertical":true}
18:22:47 sample={"ok":true,"output":"\"{\\"lit\\":89,\\"stop\\":false,\\"ms\\":98543}\"
","error":null,"timed_out":false} js={"ok":true,"started":true,"busy":false,"stop_requested":false,"last_timed_out":false,"eval_count":5,"last_eval_ms":120,"last_error":""} matrix={"ok":true,"ready":true,"mode":"script","text":"","chain_len":12,"width":96,"spi_hz":100000,"intensity":4,"test_mode":false,"fps":15,"pause_ms":250,"repeat_count":0,"reverse_modules":false,"flip_vertical":true}
18:22:52 sample={"ok":true,"output":"\"{\\"lit\\":86,\\"stop\\":false,\\"ms\\":103319}\"
","error":null,"timed_out":false} js={"ok":true,"started":true,"busy":false,"stop_requested":false,"last_timed_out":false,"eval_count":6,"last_eval_ms":105,"last_error":""} matrix={"ok":true,"ready":true,"mode":"script","text":"","chain_len":12,"width":96,"spi_hz":100000,"intensity":4,"test_mode":false,"fps":15,"pause_ms":250,"repeat_count":0,"reverse_modules":false,"flip_vertical":true}
18:22:56 sample={"ok":true,"output":"\"{\\"lit\\":97,\\"stop\\":false,\\"ms\\":107630}\"
","error":null,"timed_out":false} js={"ok":true,"started":true,"busy":false,"stop_requested":false,"last_timed_out":false,"eval_count":7,"last_eval_ms":118,"last_error":""} matrix={"ok":true,"ready":true,"mode":"script","text":"","chain_len":12,"width":96,"spi_hz":100000,"intensity":4,"test_mode":false,"fps":15,"pause_ms":250,"repeat_count":0,"reverse_modules":false,"flip_vertical":true}
18:23:00 sample={"ok":true,"output":"\"{\\"lit\\":92,\\"stop\\":false,\\"ms\\":112175}\"
","error":null,"timed_out":false} js={"ok":true,"started":true,"busy":false,"stop_requested":false,"last_timed_out":false,"eval_count":8,"last_eval_ms":106,"last_error":""} matrix={"ok":true,"ready":true,"mode":"script","text":"","chain_len":12,"width":96,"spi_hz":100000,"intensity":4,"test_mode":false,"fps":15,"pause_ms":250,"repeat_count":0,"reverse_modules":false,"flip_vertical":true}
18:23:05 sample={"ok":true,"output":"\"{\\"lit\\":102,\\"stop\\":false,\\"ms\\":116537}\"
","error":null,"timed_out":false} js={"ok":true,"started":true,"busy":false,"stop_requested":false,"last_timed_out":false,"eval_count":9,"last_eval_ms":106,"last_error":""} matrix={"ok":true,"ready":true,"mode":"script","text":"","chain_len":12,"width":96,"spi_hz":100000,"intensity":4,"test_mode":false,"fps":15,"pause_ms":250,"repeat_count":0,"reverse_modules":false,"flip_vertical":true}
18:23:09 sample={"ok":true,"output":"\"{\\"lit\\":96,\\"stop\\":false,\\"ms\\":121080}\"
","error":null,"timed_out":false} js={"ok":true,"started":true,"busy":false,"stop_requested":false,"last_timed_out":false,"eval_count":10,"last_eval_ms":129,"last_error":""} matrix={"ok":true,"ready":true,"mode":"script","text":"","chain_len":12,"width":96,"spi_hz":100000,"intensity":4,"test_mode":false,"fps":15,"pause_ms":250,"repeat_count":0,"reverse_modules":false,"flip_vertical":true}
18:23:14 sample={"ok":true,"output":"\"{\\"lit\\":93,\\"stop\\":false,\\"ms\\":125541}\"
","error":null,"timed_out":false} js={"ok":true,"started":true,"busy":false,"stop_requested":false,"last_timed_out":false,"eval_count":11,"last_eval_ms":112,"last_error":""} matrix={"ok":true,"ready":true,"mode":"script","text":"","chain_len":12,"width":96,"spi_hz":100000,"intensity":4,"test_mode":false,"fps":15,"pause_ms":250,"repeat_count":0,"reverse_modules":false,"flip_vertical":true}
18:23:18 sample={"ok":true,"output":"\"{\\"lit\\":91,\\"stop\\":false,\\"ms\\":129989}\"
","error":null,"timed_out":false} js={"ok":true,"started":true,"busy":false,"stop_requested":false,"last_timed_out":false,"eval_count":12,"last_eval_ms":123,"last_error":""} matrix={"ok":true,"ready":true,"mode":"script","text":"","chain_len":12,"width":96,"spi_hz":100000,"intensity":4,"test_mode":false,"fps":15,"pause_ms":250,"repeat_count":0,"reverse_modules":false,"flip_vertical":true}
18:23:23 sample={"ok":true,"output":"\"{\\"lit\\":83,\\"stop\\":false,\\"ms\\":134553}\"
","error":null,"timed_out":false} js={"ok":true,"started":true,"busy":false,"stop_requested":false,"last_timed_out":false,"eval_count":13,"last_eval_ms":115,"last_error":""} matrix={"ok":true,"ready":true,"mode":"script","text":"","chain_len":12,"width":96,"spi_hz":100000,"intensity":4,"test_mode":false,"fps":15,"pause_ms":250,"repeat_count":0,"reverse_modules":false,"flip_vertical":true}
18:23:27 sample={"ok":true,"output":"\"{\\"lit\\":92,\\"stop\\":false,\\"ms\\":138898}\"
","error":null,"timed_out":false} js={"ok":true,"started":true,"busy":false,"stop_requested":false,"last_timed_out":false,"eval_count":14,"last_eval_ms":124,"last_error":""} matrix={"ok":true,"ready":true,"mode":"script","text":"","chain_len":12,"width":96,"spi_hz":100000,"intensity":4,"test_mode":false,"fps":15,"pause_ms":250,"repeat_count":0,"reverse_modules":false,"flip_vertical":true}
18:23:31 sample={"ok":true,"output":"\"{\\"lit\\":89,\\"stop\\":false,\\"ms\\":143158}\"
","error":null,"timed_out":false} js={"ok":true,"started":true,"busy":false,"stop_requested":false,"last_timed_out":false,"eval_count":15,"last_eval_ms":111,"last_error":""} matrix={"ok":true,"ready":true,"mode":"script","text":"","chain_len":12,"width":96,"spi_hz":100000,"intensity":4,"test_mode":false,"fps":15,"pause_ms":250,"repeat_count":0,"reverse_modules":false,"flip_vertical":true}
18:23:36 sample={"ok":true,"output":"\"{\\"lit\\":94,\\"stop\\":false,\\"ms\\":147559}\"
","error":null,"timed_out":false} js={"ok":true,"started":true,"busy":false,"stop_requested":false,"last_timed_out":false,"eval_count":16,"last_eval_ms":108,"last_error":""} matrix={"ok":true,"ready":true,"mode":"script","text":"","chain_len":12,"width":96,"spi_hz":100000,"intensity":4,"test_mode":false,"fps":15,"pause_ms":250,"repeat_count":0,"reverse_modules":false,"flip_vertical":true}
18:23:40 sample={"ok":true,"output":"\"{\\"lit\\":104,\\"stop\\":false,\\"ms\\":151951}\"
","error":null,"timed_out":false} js={"ok":true,"started":true,"busy":false,"stop_requested":false,"last_timed_out":false,"eval_count":17,"last_eval_ms":106,"last_error":""} matrix={"ok":true,"ready":true,"mode":"script","text":"","chain_len":12,"width":96,"spi_hz":100000,"intensity":4,"test_mode":false,"fps":15,"pause_ms":250,"repeat_count":0,"reverse_modules":false,"flip_vertical":true}
18:23:45 sample={"ok":true,"output":"\"{\\"lit\\":99,\\"stop\\":false,\\"ms\\":156388}\"
","error":null,"timed_out":false} js={"ok":true,"started":true,"busy":false,"stop_requested":false,"last_timed_out":false,"eval_count":18,"last_eval_ms":127,"last_error":""} matrix={"ok":true,"ready":true,"mode":"script","text":"","chain_len":12,"width":96,"spi_hz":100000,"intensity":4,"test_mode":false,"fps":15,"pause_ms":250,"repeat_count":0,"reverse_modules":false,"flip_vertical":true}
18:23:49 sample={"ok":true,"output":"\"{\\"lit\\":108,\\"stop\\":false,\\"ms\\":160793}\"
","error":null,"timed_out":false} js={"ok":true,"started":true,"busy":false,"stop_requested":false,"last_timed_out":false,"eval_count":19,"last_eval_ms":126,"last_error":""} matrix={"ok":true,"ready":true,"mode":"script","text":"","chain_len":12,"width":96,"spi_hz":100000,"intensity":4,"test_mode":false,"fps":15,"pause_ms":250,"repeat_count":0,"reverse_modules":false,"flip_vertical":true}
18:23:53 sample={"ok":true,"output":"\"{\\"lit\\":96,\\"stop\\":false,\\"ms\\":165195}\"
","error":null,"timed_out":false} js={"ok":true,"started":true,"busy":false,"stop_requested":false,"last_timed_out":false,"eval_count":20,"last_eval_ms":128,"last_error":""} matrix={"ok":true,"ready":true,"mode":"script","text":"","chain_len":12,"width":96,"spi_hz":100000,"intensity":4,"test_mode":false,"fps":15,"pause_ms":250,"repeat_count":0,"reverse_modules":false,"flip_vertical":true}
18:23:58 sample={"ok":true,"output":"\"{\\"lit\\":93,\\"stop\\":false,\\"ms\\":169695}\"
","error":null,"timed_out":false} js={"ok":true,"started":true,"busy":false,"stop_requested":false,"last_timed_out":false,"eval_count":21,"last_eval_ms":120,"last_error":""} matrix={"ok":true,"ready":true,"mode":"script","text":"","chain_len":12,"width":96,"spi_hz":100000,"intensity":4,"test_mode":false,"fps":15,"pause_ms":250,"repeat_count":0,"reverse_modules":false,"flip_vertical":true}
18:24:02 sample={"ok":true,"output":"\"{\\"lit\\":98,\\"stop\\":false,\\"ms\\":174175}\"
","error":null,"timed_out":false} js={"ok":true,"started":true,"busy":false,"stop_requested":false,"last_timed_out":false,"eval_count":22,"last_eval_ms":120,"last_error":""} matrix={"ok":true,"ready":true,"mode":"script","text":"","chain_len":12,"width":96,"spi_hz":100000,"intensity":4,"test_mode":false,"fps":15,"pause_ms":250,"repeat_count":0,"reverse_modules":false,"flip_vertical":true}
18:24:07 sample={"ok":true,"output":"\"{\\"lit\\":109,\\"stop\\":false,\\"ms\\":178583}\"
","error":null,"timed_out":false} js={"ok":true,"started":true,"busy":false,"stop_requested":false,"last_timed_out":false,"eval_count":23,"last_eval_ms":113,"last_error":""} matrix={"ok":true,"ready":true,"mode":"script","text":"","chain_len":12,"width":96,"spi_hz":100000,"intensity":4,"test_mode":false,"fps":15,"pause_ms":250,"repeat_count":0,"reverse_modules":false,"flip_vertical":true}
18:24:11 sample={"ok":true,"output":"\"{\\"lit\\":89,\\"stop\\":false,\\"ms\\":182885}\"
","error":null,"timed_out":false} js={"ok":true,"started":true,"busy":false,"stop_requested":false,"last_timed_out":false,"eval_count":24,"last_eval_ms":111,"last_error":""} matrix={"ok":true,"ready":true,"mode":"script","text":"","chain_len":12,"width":96,"spi_hz":100000,"intensity":4,"test_mode":false,"fps":15,"pause_ms":250,"repeat_count":0,"reverse_modules":false,"flip_vertical":true}
18:24:16 sample={"ok":true,"output":"\"{\\"lit\\":90,\\"stop\\":false,\\"ms\\":187314}\"
","error":null,"timed_out":false} js={"ok":true,"started":true,"busy":false,"stop_requested":false,"last_timed_out":false,"eval_count":25,"last_eval_ms":113,"last_error":""} matrix={"ok":true,"ready":true,"mode":"script","text":"","chain_len":12,"width":96,"spi_hz":100000,"intensity":4,"test_mode":false,"fps":15,"pause_ms":250,"repeat_count":0,"reverse_modules":false,"flip_vertical":true}
18:24:20 sample={"ok":true,"output":"\"{\\"lit\\":105,\\"stop\\":false,\\"ms\\":191725}\"
","error":null,"timed_out":false} js={"ok":true,"started":true,"busy":false,"stop_requested":false,"last_timed_out":false,"eval_count":26,"last_eval_ms":112,"last_error":""} matrix={"ok":true,"ready":true,"mode":"script","text":"","chain_len":12,"width":96,"spi_hz":100000,"intensity":4,"test_mode":false,"fps":15,"pause_ms":250,"repeat_count":0,"reverse_modules":false,"flip_vertical":true}
18:24:24 sample={"ok":true,"output":"\"{\\"lit\\":96,\\"stop\\":false,\\"ms\\":196135}\"
","error":null,"timed_out":false} js={"ok":true,"started":true,"busy":false,"stop_requested":false,"last_timed_out":false,"eval_count":27,"last_eval_ms":130,"last_error":""} matrix={"ok":true,"ready":true,"mode":"script","text":"","chain_len":12,"width":96,"spi_hz":100000,"intensity":4,"test_mode":false,"fps":15,"pause_ms":250,"repeat_count":0,"reverse_modules":false,"flip_vertical":true}
18:24:29 sample={"ok":true,"output":"\"{\\"lit\\":94,\\"stop\\":false,\\"ms\\":200629}\"
","error":null,"timed_out":false} js={"ok":true,"started":true,"busy":false,"stop_requested":false,"last_timed_out":false,"eval_count":28,"last_eval_ms":136,"last_error":""} matrix={"ok":true,"ready":true,"mode":"script","text":"","chain_len":12,"width":96,"spi_hz":100000,"intensity":4,"test_mode":false,"fps":15,"pause_ms":250,"repeat_count":0,"reverse_modules":false,"flip_vertical":true}
18:24:34 sample={"ok":true,"output":"\"{\\"lit\\":87,\\"stop\\":false,\\"ms\\":205249}\"
","error":null,"timed_out":false} js={"ok":true,"started":true,"busy":false,"stop_requested":false,"last_timed_out":false,"eval_count":29,"last_eval_ms":128,"last_error":""} matrix={"ok":true,"ready":true,"mode":"script","text":"","chain_len":12,"width":96,"spi_hz":100000,"intensity":4,"test_mode":false,"fps":15,"pause_ms":250,"repeat_count":0,"reverse_modules":false,"flip_vertical":true}
18:24:38 sample={"ok":true,"output":"\"{\\"lit\\":97,\\"stop\\":false,\\"ms\\":209764}\"
","error":null,"timed_out":false} js={"ok":true,"started":true,"busy":false,"stop_requested":false,"last_timed_out":false,"eval_count":30,"last_eval_ms":114,"last_error":""} matrix={"ok":true,"ready":true,"mode":"script","text":"","chain_len":12,"width":96,"spi_hz":100000,"intensity":4,"test_mode":false,"fps":15,"pause_ms":250,"repeat_count":0,"reverse_modules":false,"flip_vertical":true}
18:24:42 sample={"ok":true,"output":"\"{\\"lit\\":101,\\"stop\\":false,\\"ms\\":214164}\"
","error":null,"timed_out":false} js={"ok":true,"started":true,"busy":false,"stop_requested":false,"last_timed_out":false,"eval_count":31,"last_eval_ms":122,"last_error":""} matrix={"ok":true,"ready":true,"mode":"script","text":"","chain_len":12,"width":96,"spi_hz":100000,"intensity":4,"test_mode":false,"fps":15,"pause_ms":250,"repeat_count":0,"reverse_modules":false,"flip_vertical":true}
18:24:47 sample={"ok":true,"output":"\"{\\"lit\\":94,\\"stop\\":false,\\"ms\\":218642}\"
","error":null,"timed_out":false} js={"ok":true,"started":true,"busy":false,"stop_requested":false,"last_timed_out":false,"eval_count":32,"last_eval_ms":121,"last_error":""} matrix={"ok":true,"ready":true,"mode":"script","text":"","chain_len":12,"width":96,"spi_hz":100000,"intensity":4,"test_mode":false,"fps":15,"pause_ms":250,"repeat_count":0,"reverse_modules":false,"flip_vertical":true}
18:24:51 sample={"ok":true,"output":"\"{\\"lit\\":89,\\"stop\\":false,\\"ms\\":223052}\"
","error":null,"timed_out":false} js={"ok":true,"started":true,"busy":false,"stop_requested":false,"last_timed_out":false,"eval_count":33,"last_eval_ms":112,"last_error":""} matrix={"ok":true,"ready":true,"mode":"script","text":"","chain_len":12,"width":96,"spi_hz":100000,"intensity":4,"test_mode":false,"fps":15,"pause_ms":250,"repeat_count":0,"reverse_modules":false,"flip_vertical":true}
18:24:56 sample={"ok":true,"output":"\"{\\"lit\\":93,\\"stop\\":false,\\"ms\\":227532}\"
","error":null,"timed_out":false} js={"ok":true,"started":true,"busy":false,"stop_requested":false,"last_timed_out":false,"eval_count":34,"last_eval_ms":111,"last_error":""} matrix={"ok":true,"ready":true,"mode":"script","text":"","chain_len":12,"width":96,"spi_hz":100000,"intensity":4,"test_mode":false,"fps":15,"pause_ms":250,"repeat_count":0,"reverse_modules":false,"flip_vertical":true}
18:25:00 sample={"ok":true,"output":"\"{\\"lit\\":91,\\"stop\\":false,\\"ms\\":231945}\"
","error":null,"timed_out":false} js={"ok":true,"started":true,"busy":false,"stop_requested":false,"last_timed_out":false,"eval_count":35,"last_eval_ms":112,"last_error":""} matrix={"ok":true,"ready":true,"mode":"script","text":"","chain_len":12,"width":96,"spi_hz":100000,"intensity":4,"test_mode":false,"fps":15,"pause_ms":250,"repeat_count":0,"reverse_modules":false,"flip_vertical":true}
18:25:05 sample={"ok":true,"output":"\"{\\"lit\\":89,\\"stop\\":false,\\"ms\\":236333}\"
","error":null,"timed_out":false} js={"ok":true,"started":true,"busy":false,"stop_requested":false,"last_timed_out":false,"eval_count":36,"last_eval_ms":103,"last_error":""} matrix={"ok":true,"ready":true,"mode":"script","text":"","chain_len":12,"width":96,"spi_hz":100000,"intensity":4,"test_mode":false,"fps":15,"pause_ms":250,"repeat_count":0,"reverse_modules":false,"flip_vertical":true}
18:25:09 sample={"ok":true,"output":"\"{\\"lit\\":96,\\"stop\\":false,\\"ms\\":240796}\"
","error":null,"timed_out":false} js={"ok":true,"started":true,"busy":false,"stop_requested":false,"last_timed_out":false,"eval_count":37,"last_eval_ms":124,"last_error":""} matrix={"ok":true,"ready":true,"mode":"script","text":"","chain_len":12,"width":96,"spi_hz":100000,"intensity":4,"test_mode":false,"fps":15,"pause_ms":250,"repeat_count":0,"reverse_modules":false,"flip_vertical":true}
18:25:13 sample={"ok":true,"output":"\"{\\"lit\\":82,\\"stop\\":false,\\"ms\\":245294}\"
","error":null,"timed_out":false} js={"ok":true,"started":true,"busy":false,"stop_requested":false,"last_timed_out":false,"eval_count":38,"last_eval_ms":135,"last_error":""} matrix={"ok":true,"ready":true,"mode":"script","text":"","chain_len":12,"width":96,"spi_hz":100000,"intensity":4,"test_mode":false,"fps":15,"pause_ms":250,"repeat_count":0,"reverse_modules":false,"flip_vertical":true}
18:25:18 sample={"ok":true,"output":"\"{\\"lit\\":89,\\"stop\\":false,\\"ms\\":249896}\"
","error":null,"timed_out":false} js={"ok":true,"started":true,"busy":false,"stop_requested":false,"last_timed_out":false,"eval_count":39,"last_eval_ms":123,"last_error":""} matrix={"ok":true,"ready":true,"mode":"script","text":"","chain_len":12,"width":96,"spi_hz":100000,"intensity":4,"test_mode":false,"fps":15,"pause_ms":250,"repeat_count":0,"reverse_modules":false,"flip_vertical":true}
18:25:23 sample={"ok":true,"output":"\"{\\"lit\\":101,\\"stop\\":false,\\"ms\\":254309}\"
","error":null,"timed_out":false} js={"ok":true,"started":true,"busy":false,"stop_requested":false,"last_timed_out":false,"eval_count":40,"last_eval_ms":139,"last_error":""} matrix={"ok":true,"ready":true,"mode":"script","text":"","chain_len":12,"width":96,"spi_hz":100000,"intensity":4,"test_mode":false,"fps":15,"pause_ms":250,"repeat_count":0,"reverse_modules":false,"flip_vertical":true}
18:25:27 sample={"ok":true,"output":"\"{\\"lit\\":87,\\"stop\\":false,\\"ms\\":258712}\"
","error":null,"timed_out":false} js={"ok":true,"started":true,"busy":false,"stop_requested":false,"last_timed_out":false,"eval_count":41,"last_eval_ms":131,"last_error":""} matrix={"ok":true,"ready":true,"mode":"script","text":"","chain_len":12,"width":96,"spi_hz":100000,"intensity":4,"test_mode":false,"fps":15,"pause_ms":250,"repeat_count":0,"reverse_modules":false,"flip_vertical":true}
18:25:31 sample={"ok":true,"output":"\"{\\"lit\\":89,\\"stop\\":false,\\"ms\\":263100}\"
","error":null,"timed_out":false} js={"ok":true,"started":true,"busy":false,"stop_requested":false,"last_timed_out":false,"eval_count":42,"last_eval_ms":132,"last_error":""} matrix={"ok":true,"ready":true,"mode":"script","text":"","chain_len":12,"width":96,"spi_hz":100000,"intensity":4,"test_mode":false,"fps":15,"pause_ms":250,"repeat_count":0,"reverse_modules":false,"flip_vertical":true}
18:25:36 sample={"ok":true,"output":"\"{\\"lit\\":95,\\"stop\\":false,\\"ms\\":267501}\"
","error":null,"timed_out":false} js={"ok":true,"started":true,"busy":false,"stop_requested":false,"last_timed_out":false,"eval_count":43,"last_eval_ms":122,"last_error":""} matrix={"ok":true,"ready":true,"mode":"script","text":"","chain_len":12,"width":96,"spi_hz":100000,"intensity":4,"test_mode":false,"fps":15,"pause_ms":250,"repeat_count":0,"reverse_modules":false,"flip_vertical":true}
18:25:40 sample={"ok":true,"output":"\"{\\"lit\\":95,\\"stop\\":false,\\"ms\\":272102}\"
","error":null,"timed_out":false} js={"ok":true,"started":true,"busy":false,"stop_requested":false,"last_timed_out":false,"eval_count":44,"last_eval_ms":134,"last_error":""} matrix={"ok":true,"ready":true,"mode":"script","text":"","chain_len":12,"width":96,"spi_hz":100000,"intensity":4,"test_mode":false,"fps":15,"pause_ms":250,"repeat_count":0,"reverse_modules":false,"flip_vertical":true}
18:25:45 sample={"ok":true,"output":"\"{\\"lit\\":96,\\"stop\\":false,\\"ms\\":276835}\"
","error":null,"timed_out":false} js={"ok":true,"started":true,"busy":false,"stop_requested":false,"last_timed_out":false,"eval_count":45,"last_eval_ms":133,"last_error":""} matrix={"ok":true,"ready":true,"mode":"script","text":"","chain_len":12,"width":96,"spi_hz":100000,"intensity":4,"test_mode":false,"fps":15,"pause_ms":250,"repeat_count":0,"reverse_modules":false,"flip_vertical":true}
18:25:50 sample={"ok":true,"output":"\"{\\"lit\\":78,\\"stop\\":false,\\"ms\\":281514}\"
","error":null,"timed_out":false} js={"ok":true,"started":true,"busy":false,"stop_requested":false,"last_timed_out":false,"eval_count":46,"last_eval_ms":115,"last_error":""} matrix={"ok":true,"ready":true,"mode":"script","text":"","chain_len":12,"width":96,"spi_hz":100000,"intensity":4,"test_mode":false,"fps":15,"pause_ms":250,"repeat_count":0,"reverse_modules":false,"flip_vertical":true}
18:25:54 sample={"ok":true,"output":"\"{\\"lit\\":92,\\"stop\\":false,\\"ms\\":286006}\"
","error":null,"timed_out":false} js={"ok":true,"started":true,"busy":false,"stop_requested":false,"last_timed_out":false,"eval_count":47,"last_eval_ms":116,"last_error":""} matrix={"ok":true,"ready":true,"mode":"script","text":"","chain_len":12,"width":96,"spi_hz":100000,"intensity":4,"test_mode":false,"fps":15,"pause_ms":250,"repeat_count":0,"reverse_modules":false,"flip_vertical":true}
18:25:59 sample={"ok":true,"output":"\"{\\"lit\\":91,\\"stop\\":false,\\"ms\\":290404}\"
","error":null,"timed_out":false} js={"ok":true,"started":true,"busy":false,"stop_requested":false,"last_timed_out":false,"eval_count":48,"last_eval_ms":105,"last_error":""} matrix={"ok":true,"ready":true,"mode":"script","text":"","chain_len":12,"width":96,"spi_hz":100000,"intensity":4,"test_mode":false,"fps":15,"pause_ms":250,"repeat_count":0,"reverse_modules":false,"flip_vertical":true}
18:26:03 sample={"ok":true,"output":"\"{\\"lit\\":86,\\"stop\\":false,\\"ms\\":294862}\"
","error":null,"timed_out":false} js={"ok":true,"started":true,"busy":false,"stop_requested":false,"last_timed_out":false,"eval_count":49,"last_eval_ms":132,"last_error":""} matrix={"ok":true,"ready":true,"mode":"script","text":"","chain_len":12,"width":96,"spi_hz":100000,"intensity":4,"test_mode":false,"fps":15,"pause_ms":250,"repeat_count":0,"reverse_modules":false,"flip_vertical":true}
18:26:08 sample={"ok":true,"output":"\"{\\"lit\\":85,\\"stop\\":false,\\"ms\\":299238}\"
","error":null,"timed_out":false} js={"ok":true,"started":true,"busy":false,"stop_requested":false,"last_timed_out":false,"eval_count":50,"last_eval_ms":133,"last_error":""} matrix={"ok":true,"ready":true,"mode":"script","text":"","chain_len":12,"width":96,"spi_hz":100000,"intensity":4,"test_mode":false,"fps":15,"pause_ms":250,"repeat_count":0,"reverse_modules":false,"flip_vertical":true}
18:26:12 sample={"ok":true,"output":"\"{\\"lit\\":90,\\"stop\\":false,\\"ms\\":303826}\"
","error":null,"timed_out":false} js={"ok":true,"started":true,"busy":false,"stop_requested":false,"last_timed_out":false,"eval_count":51,"last_eval_ms":122,"last_error":""} matrix={"ok":true,"ready":true,"mode":"script","text":"","chain_len":12,"width":96,"spi_hz":100000,"intensity":4,"test_mode":false,"fps":15,"pause_ms":250,"repeat_count":0,"reverse_modules":false,"flip_vertical":true}
18:26:17 sample={"ok":true,"output":"\"{\\"lit\\":98,\\"stop\\":false,\\"ms\\":308241}\"
","error":null,"timed_out":false} js={"ok":true,"started":true,"busy":false,"stop_requested":false,"last_timed_out":false,"eval_count":52,"last_eval_ms":127,"last_error":""} matrix={"ok":true,"ready":true,"mode":"script","text":"","chain_len":12,"width":96,"spi_hz":100000,"intensity":4,"test_mode":false,"fps":15,"pause_ms":250,"repeat_count":0,"reverse_modules":false,"flip_vertical":true}
18:26:21 sample={"ok":true,"output":"\"{\\"lit\\":101,\\"stop\\":false,\\"ms\\":312544}\"
","error":null,"timed_out":false} js={"ok":true,"started":true,"busy":false,"stop_requested":false,"last_timed_out":false,"eval_count":53,"last_eval_ms":126,"last_error":""} matrix={"ok":true,"ready":true,"mode":"script","text":"","chain_len":12,"width":96,"spi_hz":100000,"intensity":4,"test_mode":false,"fps":15,"pause_ms":250,"repeat_count":0,"reverse_modules":false,"flip_vertical":true}
18:26:25 sample={"ok":true,"output":"\"{\\"lit\\":87,\\"stop\\":false,\\"ms\\":316981}\"
","error":null,"timed_out":false} js={"ok":true,"started":true,"busy":false,"stop_requested":false,"last_timed_out":false,"eval_count":55,"last_eval_ms":133,"last_error":""} matrix={"ok":true,"ready":true,"mode":"script","text":"","chain_len":12,"width":96,"spi_hz":100000,"intensity":4,"test_mode":false,"fps":15,"pause_ms":250,"repeat_count":0,"reverse_modules":false,"flip_vertical":true}
18:26:30 sample={"ok":true,"output":"\"{\\"lit\\":100,\\"stop\\":false,\\"ms\\":321383}\"
","error":null,"timed_out":false} js={"ok":true,"started":true,"busy":false,"stop_requested":false,"last_timed_out":false,"eval_count":57,"last_eval_ms":128,"last_error":""} matrix={"ok":true,"ready":true,"mode":"script","text":"","chain_len":12,"width":96,"spi_hz":100000,"intensity":4,"test_mode":false,"fps":15,"pause_ms":250,"repeat_count":0,"reverse_modules":false,"flip_vertical":true}
18:26:34 sample={"ok":true,"output":"\"{\\"lit\\":99,\\"stop\\":false,\\"ms\\":325759}\"
","error":null,"timed_out":false} js={"ok":true,"started":true,"busy":false,"stop_requested":false,"last_timed_out":false,"eval_count":58,"last_eval_ms":131,"last_error":""} matrix={"ok":true,"ready":true,"mode":"script","text":"","chain_len":12,"width":96,"spi_hz":100000,"intensity":4,"test_mode":false,"fps":15,"pause_ms":250,"repeat_count":0,"reverse_modules":false,"flip_vertical":true}
18:26:38 sample={"ok":true,"output":"\"{\\"lit\\":89,\\"stop\\":false,\\"ms\\":330169}\"
","error":null,"timed_out":false} js={"ok":true,"started":true,"busy":false,"stop_requested":false,"last_timed_out":false,"eval_count":59,"last_eval_ms":134,"last_error":""} matrix={"ok":true,"ready":true,"mode":"script","text":"","chain_len":12,"width":96,"spi_hz":100000,"intensity":4,"test_mode":false,"fps":15,"pause_ms":250,"repeat_count":0,"reverse_modules":false,"flip_vertical":true}
18:26:43 sample={"ok":true,"output":"\"{\\"lit\\":94,\\"stop\\":false,\\"ms\\":334590}\"
","error":null,"timed_out":false} js={"ok":true,"started":true,"busy":false,"stop_requested":false,"last_timed_out":false,"eval_count":60,"last_eval_ms":137,"last_error":""} matrix={"ok":true,"ready":true,"mode":"script","text":"","chain_len":12,"width":96,"spi_hz":100000,"intensity":4,"test_mode":false,"fps":15,"pause_ms":250,"repeat_count":0,"reverse_modules":false,"flip_vertical":true}
18:26:47 sample={"ok":true,"output":"\"{\\"lit\\":92,\\"stop\\":false,\\"ms\\":338993}\"
","error":null,"timed_out":false} js={"ok":true,"started":true,"busy":false,"stop_requested":false,"last_timed_out":false,"eval_count":61,"last_eval_ms":128,"last_error":""} matrix={"ok":true,"ready":true,"mode":"script","text":"","chain_len":12,"width":96,"spi_hz":100000,"intensity":4,"test_mode":false,"fps":15,"pause_ms":250,"repeat_count":0,"reverse_modules":false,"flip_vertical":true}
18:26:52 sample={"ok":true,"output":"\"{\\"lit\\":97,\\"stop\\":false,\\"ms\\":343697}\"
","error":null,"timed_out":false} js= matrix={"ok":true,"ready":true,"mode":"script","text":"","chain_len":12,"width":96,"spi_hz":100000,"intensity":4,"test_mode":false,"fps":15,"pause_ms":250,"repeat_count":0,"reverse_modules":false,"flip_vertical":true}
18:27:00 sample={"ok":true,"output":"\"{\\"lit\\":99,\\"stop\\":false,\\"ms\\":352047}\"
","error":null,"timed_out":false} js={"ok":true,"started":true,"busy":false,"stop_requested":false,"last_timed_out":false,"eval_count":64,"last_eval_ms":71,"last_error":""} matrix={"ok":true,"ready":true,"mode":"script","text":"","chain_len":12,"width":96,"spi_hz":100000,"intensity":4,"test_mode":false,"fps":15,"pause_ms":250,"repeat_count":0,"reverse_modules":false,"flip_vertical":true}
