ESP-ROM:esp32c3-api1-20210207
Build:Feb  7 2021
rst:0x1 (POWERON),boot:0xc (SPI_FAST_FLASH_BOOT)
SPIWP:0xee
mode:DIO, clock div:1
load:0x3fcd5820,len:0x1574
load:0x403cc710,len:0xc30
load:0x403ce710,len:0x2f64
entry 0x403cc71a
I (30) boot: ESP-IDF v5.4.1 2nd stage bootloader
I (30) boot: compile time Feb 21 2026 17:13:22
I (30) boot: chip revision: v0.4
I (30) boot: efuse block revision: v1.2
I (34) boot.esp32c3: SPI Speed      : 80MHz
I (38) boot.esp32c3: SPI Mode       : DIO
I (41) boot.esp32c3: SPI Flash Size : 4MB
I (45) boot: Enabling RNG early entropy source...
I (50) boot: Partition Table:
I (52) boot: ## Label            Usage          Type ST Offset   Length
I (59) boot:  0 nvs              WiFi data        01 02 00009000 00006000
I (65) boot:  1 otadata          OTA data         01 00 0000f000 00002000
I (72) boot:  2 phy_init         RF data          01 01 00011000 00001000
I (78) boot:  3 factory          factory app      00 00 00020000 00200000
I (85) boot:  4 storage          Unknown data     01 82 00220000 00100000
I (91) boot: End of partition table
I (94) boot: Defaulting to factory image
I (98) esp_image: segment 0: paddr=00020020 vaddr=3c0e0020 size=268cch (157900) map
I (131) esp_image: segment 1: paddr=000468f4 vaddr=3fc96800 size=02f60h ( 12128) load
I (133) esp_image: segment 2: paddr=0004985c vaddr=40380000 size=067bch ( 26556) load
I (139) esp_image: segment 3: paddr=00050020 vaddr=42000020 size=d2440h (861248) map
I (279) esp_image: segment 4: paddr=00122468 vaddr=403867bc size=0ffbch ( 65468) load
I (291) esp_image: segment 5: paddr=0013242c vaddr=50000200 size=0001ch (    28) load
I (299) boot: Loaded app from partition at offset 0x20000
I (299) boot: Disabling RNG early entropy source...
I (309) cpu_start: Unicore app
I (318) cpu_start: Pro cpu start user code
I (318) cpu_start: cpu freq: 160000000 Hz
I (318) app_init: Application information:
I (318) app_init: Project name:     esp_c3_led_matrix_http_0067
I (324) app_init: App version:      650b905-dirty
I (328) app_init: Compile time:     Feb 21 2026 18:41:25
I (333) app_init: ELF file SHA256:  b581c27f4...
I (337) app_init: ESP-IDF:          v5.4.1
I (341) efuse_init: Min chip rev:     v0.3
I (345) efuse_init: Max chip rev:     v1.99 
I (349) efuse_init: Chip rev:         v0.4
I (353) heap_init: Initializing. RAM available for dynamic allocation:
I (359) heap_init: At 3FC9E290 len 00021D70 (135 KiB): RAM
I (364) heap_init: At 3FCC0000 len 0001C710 (113 KiB): Retention RAM
I (370) heap_init: At 3FCDC710 len 00002950 (10 KiB): Retention RAM
I (376) heap_init: At 5000021C len 00001DCC (7 KiB): RTCRAM
I (383) spi_flash: detected chip: generic
I (385) spi_flash: flash io: dio
I (389) sleep_gpio: Configure to isolate all GPIO pins in sleep state
I (395) sleep_gpio: Enable automatic switching of GPIO sleep configuration
I (401) main_task: Started on CPU0
I (431) main_task: Calling app_main()
I (431) 0067_main: boot: reset_reason=1
I (471) 0067_matrix: matrix ready: chain=12 spi_hz=100000 pins(mosi=4 sck=6 cs=5)
I (471) mqjs_service: task start name=0067_js prio=8 core=0 s=0x3fca3044 q=0x3fca30dc ready=0x3fca3084
I (471) 0067_js_timers: task start (max_timers=32)
W (551) 0067_js_service: bootstrap failed: SyntaxError: catch variable already exists
    at <boot:0067>:73:39
W (551) 0067_js_service: bootstrap job failed: ESP_FAIL
I (561) pp: pp rom version: 9387209
I (561) net80211: net80211 rom version: 9387209
I (571) wifi:wifi driver task: 3fcc3478, prio:23, stack:6656, core=0
I (571) wifi:wifi firmware version: 79fa3f41ba
I (571) wifi:wifi certification version: v7.0
I (581) wifi:config NVS flash: enabled
I (581) wifi:config nano formatting: disabled
I (581) wifi:Init data frame dynamic rx buffer num: 32
I (591) wifi:Init static rx mgmt buffer num: 5
I (591) wifi:Init management short buffer num: 32
I (601) wifi:Init dynamic tx buffer num: 32
I (601) wifi:Init static tx FG buffer num: 2
I (601) wifi:Init static rx buffer size: 1600
I (611) wifi:Init static rx buffer num: 10
I (611) wifi:Init dynamic rx buffer num: 32
I (621) wifi_init: rx ba win: 6
I (621) wifi_init: accept mbox: 6
I (621) wifi_init: tcpip mbox: 32
I (621) wifi_init: udp mbox: 6
I (631) wifi_init: tcp mbox: 6
I (631) wifi_init: tcp tx win: 5760
I (631) wifi_init: tcp rx win: 5760
I (641) wifi_init: tcp mss: 1440
I (641) wifi_init: WiFi IRAM OP enabled
I (641) wifi_init: WiFi RX IRAM OP enabled
I (651) phy_init: phy_version 1200,2b7123f9,Feb 18 2025,15:22:21
I (691) wifi:mode : sta (60:55:f9:96:01:5c)
I (691) wifi:enable tsf
I (691) wifi_mgr: STA start: autoconnect...
I (691) wifi_mgr: Wi-Fi ready: autoconnect enabled (ssid=CLUB:LINK)
I (701) wifi:new:<4,0>,[5nI (751) wifi:state: auth -> assoc (0x0)
I (751) wifi:state: assoc -> run (0x10)
I (791) wifi:connected with CLUB:LINK, aid = 14, channel 4, BW20, bssid = de:ec:5e:23:35:80
I (791) wifi:security: WPA2-PSK, phy: bgn, rssi: -54
I (801) wifi:pm start, type: 1

I (801) wifi:dp: 1, bi: 102400, li: 3, scale listen interval from 307200 us to 307200 us
I (801) wifi:set rx beacon pti, rx_bcn_pti: 0, bcn_timeout: 25000, mt_pti: 0, mt_time: 10000
I (811) wifi:AP's beacon interval = 102400 us, DTIM period = 1
I (821) wifi:<ba-add>idx:0 (ifx:0, de:ec:5e:23:35:80), tid:6, ssn:2, winSize:64

Type 'help' to get the list of commands.
Use UP/DOWN arrows to navigate through command history.
Press TAB when typing command name to auto-complete.

Your terminal application does not support escape sequences.

Line editing and history features are disabled.

On Windows, try using Putty instead.
c3m>  I (1211) wifi_console: esp_console started over UART (try: help, wifi scan)
I (1231) main_task: Returned from app_main()
I (1841) esp_netif_handlers: sta ip: 192.168.3.119, mask: 255.255.255.0, gw: 192.168.3.1
I (1841) wifi_mgr: STA IP: 192.168.3.119
I (1841) wifi_mgr: browse: http://192.168.3.119/
I (1851) 0067_http: starting http server on port 80
I (2261) wifi:<ba-add>idx:1 (ifx:0, de:ec:5e:23:35:80), tid:0, ssn:2, winSize:64
I (2271) mqjs_service: task start name=0067_js prio=8 core=0 s=0x3fca3044 q=0x3fca3134 ready=0x3fca30dc
I (2271) 0067_js_timers: task start (max_timers=32)
W (2271) mqjs_service: arena fallback: requested=98304 actual=94208 free8=82312 largest8=55296
W (2361) 0067_js_service: bootstrap failed: SyntaxError: catch variable already exists
    at <boot:0067>:73:39
W (2371) 0067_js_service: bootstrap job failed: ESP_FAIL
