ESP-ROM:esp32c3-api1-20210207
Build:Feb  7 2021
rst:0x1 (POWERON),boot:0xc (SPI_FAST_FLASH_BOOT)
SPIWP:0xee
mode:DIO, clock div:1
load:0x3fcd5820,len:0x1574
load:0x403cc710,len:0xc30
load:0x403ce710,len:0x2f64
entry 0x403cc71a
I (30) boot: ESP-IDF v5.4.1 2nd stage bootloader
I (30) boot: compile time Feb 21 2026 17:13:22
I (30) boot: chip revision: v0.4
I (30) boot: efuse block revision: v1.2
I (34) boot.esp32c3: SPI Speed      : 80MHz
I (38) boot.esp32c3: SPI Mode       : DIO
I (41) boot.esp32c3: SPI Flash Size : 4MB
I (45) boot: Enabling RNG early entropy source...
I (50) boot: Partition Table:
I (52) boot: ## Label            Usage          Type ST Offset   Length
I (59) boot:  0 nvs              WiFi data        01 02 00009000 00006000
I (65) boot:  1 otadata          OTA data         01 00 0000f000 00002000
I (72) boot:  2 phy_init         RF data          01 01 00011000 00001000
I (78) boot:  3 factory          factory app      00 00 00020000 00200000
I (85) boot:  4 storage          Unknown data     01 82 00220000 00100000
I (91) boot: End of partition table
I (94) boot: Defaulting to factory image
I (98) esp_image: segment 0: paddr=00020020 vaddr=3c0e0020 size=2580ch (153612) map
I (130) esp_image: segment 1: paddr=00045834 vaddr=3fc96800 size=02f60h ( 12128) load
I (133) esp_image: segment 2: paddr=0004879c vaddr=40380000 size=0787ch ( 30844) load
I (140) esp_image: segment 3: paddr=00050020 vaddr=42000020 size=d1e60h (859744) map
I (278) esp_image: segment 4: paddr=00121e88 vaddr=4038787c size=0eefch ( 61180) load
I (290) esp_image: segment 5: paddr=00130d8c vaddr=50000200 size=0001ch (    28) load
I (297) boot: Loaded app from partition at offset 0x20000
I (297) boot: Disabling RNG early entropy source...
I (307) cpu_start: Unicore app
I (316) cpu_start: Pro cpu start user code
I (316) cpu_start: cpu freq: 160000000 Hz
I (316) app_init: Application information:
I (316) app_init: Project name:     esp_c3_led_matrix_http_0067
I (322) app_init: App version:      ea470b2-dirty
I (326) app_init: Compile time:     Feb 21 2026 17:26:04
I (331) app_init: ELF file SHA256:  db8e9b477...
I (336) app_init: ESP-IDF:          v5.4.1
I (339) efuse_init: Min chip rev:     v0.3
I (343) efuse_init: Max chip rev:     v1.99 
I (347) efuse_init: Chip rev:         v0.4
I (351) heap_init: Initializing. RAM available for dynamic allocation:
I (357) heap_init: At 3FC9E250 len 00021DB0 (135 KiB): RAM
I (363) heap_init: At 3FCC0000 len 0001C710 (113 KiB): Retention RAM
I (369) heap_init: At 3FCDC710 len 00002950 (10 KiB): Retention RAM
I (375) heap_init: At 5000021C len 00001DCC (7 KiB): RTCRAM
I (381) spi_flash: detected chip: generic
I (384) spi_flash: flash io: dio
I (387) sleep_gpio: Configure to isolate all GPIO pins in sleep state
I (393) sleep_gpio: Enable automatic switching of GPIO sleep configuration
I (400) main_task: Started on CPU0
I (430) main_task: Calling app_main()
I (430) 0067_main: boot: reset_reason=1
I (470) 0067_matrix: matrix ready: chain=12 spi_hz=100000 pins(mosi=4 sck=6 cs=5)
I (470) mqjs_service: task start name=0067_js prio=8 core=0 s=0x3fca3004 q=0x3fca3098 ready=0x3fca3040
I (470) 0067_js_timers: task start (max_timers=32)
I (550) pp: pp rom version: 9387209
I (550) net80211: net80211 rom version: 9387209
I (560) wifi:wifi driver task: 3fcc3430, prio:23, stack:6656, core=0
I (560) wifi:wifi firmware version: 79fa3f41ba
I (560) wifi:wifi certification version: v7.0
I (560) wifi:config NVS flash: enabled
I (560) wifi:config nano formatting: disabled
I (570) wifi:Init data frame dynamic rx buffer num: 32
I (570) wifi:Init static rx mgmt buffer num: 5
I (580) wifi:Init management short buffer num: 32
I (580) wifi:Init dynamic tx buffer num: 32
I (580) wifi:Init static tx FG buffer num: 2
I (590) wifi:Init static rx buffer size: 1600
I (590) wifi:Init static rx buffer num: 10
I (600) wifi:Init dynamic rx buffer num: 32
I (600) wifi_init: rx ba win: 6
I (600) wifi_init: accept mbox: 6
I (610) wifi_init: tcpip mbox: 32
I (610) wifi_init: udp mbox: 6
I (610) wifi_init: tcp mbox: 6
I (610) wifi_init: tcp tx win: 5760
I (620) wifi_init: tcp rx win: 5760
I (620) wifi_init: tcp mss: 1440
I (620) wifi_init: WiFi IRAM OP enabled
I (630) wifi_init: WiFi RX IRAM OP enabled
I (630) phy_init: phy_version 1200,2b7123f9,Feb 18 2025,15:22:21
I (680) wifi:mode : sta (60:55:f9:96:01:5c)
I (680) wifi:enable tsf
I (680) wifi_mgr: STA start: autoconnect...
I (690) wifi_mgr: Wi-Fi ready: autoconnect enabled (ssid=CLUB:LINK)
[5nI (790) wifi:new:<4,0>, old:<1,0>, ap:<255,255>, sta:<4,0>, prof:1, snd_ch_cfg:0x0
I (790) wifi:state: init -> auth (0xb0)
I (810) wifi:state: auth -> assoc (0x0)
I (810) wifi:state: assoc -> run (0x10)
I (840) wifi:connected with CLUB:LINK, aid = 14, channel 4, BW20, bssid = de:ec:5e:23:35:80
I (850) wifi:security: WPA2-PSK, phy: bgn, rssi: -54
I (860) wifi:pm start, type: 1

I (860) wifi:dp: 1, bi: 102400, li: 3, scale listen interval from 307200 us to 307200 us
I (860) wifi:set rx beacon pti, rx_bcn_pti: 0, bcn_timeout: 25000, mt_pti: 0, mt_time: 10000
I (880) wifi:<ba-add>idx:0 (ifx:0, de:ec:5e:23:35:80), tid:6, ssn:2, winSize:64
I (890) wifi:AP's beacon interval = 102400 us, DTIM period = 1

Type 'help' to get the list of commands.
Use UP/DOWN arrows to navigate through command history.
Press TAB when typing command name to auto-complete.

Your terminal application does not support escape sequences.

Line editing and history features are disabled.

On Windows, try using Putty instead.
c3m>  I (1200) wifi_console: esp_console started over UART (try: help, wifi scan)
I (1220) main_task: Returned from app_main()
I (1910) esp_netif_handlers: sta ip: 192.168.3.119, mask: 255.255.255.0, gw: 192.168.3.1
I (1910) wifi_mgr: STA IP: 192.168.3.119
I (1910) wifi_mgr: browse: http://192.168.3.119/
I (1920) 0067_http: starting http server on port 80
I (3040) wifi:<ba-add>idx:1 (ifx:0, de:ec:5e:23:35:80), tid:0, ssn:0, winSize:64
I (3380) mqjs_service: task start name=0067_js prio=8 core=0 s=0x3fca3004 q=0x3fca30f0 ready=0x3fca3098
I (3380) 0067_js_timers: task start (max_timers=32)
E (3380) mqjs_service: arena alloc failed: bytes=98304 free8=175676 largest8=94208
W (3390) mqjs_service: job rejected: JS context unavailable
W (3400) 0067_js_service: bootstrap job failed: ESP_FAIL
