# port=/dev/serial/by-id/usb-Espressif_USB_JTAG_serial_debug_unit_D0:CF:13:16:17:DC-if00 modem_control=none
I (193) esp_image: segment 4: paddr=000e5434 vaddr=40378c08 size[5nI (1020) display: frame storage ready: ops=512 arena=32768B trace=16384B (PSRAM)
I (1035) gpio: GPIO[5]| InputEn: 0| OutputEn: 0| OpenDrain: 0| Pullup: 1| Pulldown: 0| Intr:0 
I (1035) gpio: GPIO[6]| InputEn: 0| OutputEn: 0| OpenDrain: 0| Pullup: 1| 
# >>> js fault
js fault
I (13388) js: context ready: arena=163840 bytes, abi=v1
I (13497) m5_backend: present id=2 intent=CleanFull ops=2 skipped=0 damage=0,0,540,960 render_us=98492 wait_us=12
I (13498) js: js present: hits=0 full=1
fault: stale handle -> stale widget handle
fault: invalid prop -> unknown prop 99 (abi v1)
js error in <fault>: Error: deliberate failure after present
    at <eval> (<fault>:15:16)
W (13507) owner: js app failed; native fallback
I (13793) m5_backend: present id=3 intent=CleanFull ops=10 skipped=0 damage=0,0,540,960 render_us=268837 wait_us=15
I (13795) reader_ctl: library screen: 3 row region(s)
js init=1 screen_active=0 arena=163840 evals=2 exceptions=1 dispatches=0 last_error="Error: deliberate failure after present"
js op result: CorruptData
Command returned non-zero error code: 0x1 (ERROR)
reader> 
# >>> js trace
js trace
I (33390) js: js present: hits=0 full=1
js trace-compare: EQUAL (native=1083 bytes, js=1083 bytes)
js init=1 screen_active=1 arena=163840 evals=3 exceptions=1 dispatches=0 last_error="Error: deliberate failure after present"
reader> 
# done
