# port=/dev/serial/by-id/usb-Espressif_USB_JTAG_serial_debug_unit_D0:CF:13:16:17:DC-if00 modem_control=none

# >>> js tap 270 175
js tap 270 175
I (89410) m5_backend: present id=3 intent=CleanFull ops=18 skipped=0 damage=0,0,540,960 render_us=128210 wait_us=14
I (89411) js: js present: hits=4 full=1
js init=1 screen_active=1 arena=163840 evals=3 exceptions=0 dispatches=1 last_error=""
reader> 
# >>> js swipe 5
js swipe 5
I (95481) m5_backend: present id=4 intent=CleanFull ops=27 skipped=0 damage=0,0,540,960 render_us=164000 wait_us=7
I (95483) js: js present: hits=7 full=1
js init=1 screen_active=1 arena=163840 evals=4 exceptions=0 dispatches=2 last_error=""
reader> 
# >>> js tap 270 240
js tap 270 240
I (101442) m5_backend: present id=5 intent=CleanFull ops=30 skipped=0 damage=0,0,540,960 render_us=119943 wait_us=10
I (101443) js: js present: hits=3 full=1
js init=1 screen_active=1 arena=163840 evals=5 exceptions=0 dispatches=3 last_error=""
reader> 
# >>> js tap 270 200
js tap 270 200
js init=1 screen_active=1 arena=163840 evals=6 exceptions=0 dispatches=4 last_error=""
reader> 
# done
