# port=/dev/serial/by-id/usb-Espressif_USB_JTAG_serial_debug_unit_D0:CF:13:16:17:DC-if00 modem_control=none
I (104) esp_image: segment 2: paddr=00070020 vaddr=42000020 size[5nI (1036) display: frame storage ready: ops=512 arena=32768B trace=16384B (PSRAM)
I (1051) gpio: GPIO[5]| InputEn: 0| OutputEn: 0| OpenDrain: 0| Pullup: 1| Pulldown: 0| Intr:0 
I (1051) gpio: GPIO[6]| InputEn: 0| OutputEn: 0| OpenDrain: 0| Pullup: 1| 
# >>> js pulp
js pulp
I (58458) js: context ready: arena=163840 bytes, abi=v1
PULP OS booting, abi v1
pulp screen: home
I (58652) m5_backend: present id=2 intent=CleanFull ops=20 skipped=0 damage=0,0,540,960 render_us=166378 wait_us=25
I (58654) js: js present: hits=7 full=1
js init=1 screen_active=1 arena=163840 evals=2 exceptions=0 dispatches=0 last_error=""
reader> 
# >>> js tap 270 330
js tap 270 330
pulp screen: blitz
I (70612) m5_backend: present id=3 intent=CleanFull ops=12 skipped=0 damage=0,0,540,960 render_us=157964 wait_us=21
I (70613) js: js present: hits=2 full=1
js init=1 screen_active=1 arena=163840 evals=3 exceptions=0 dispatches=1 last_error=""
reader> I (71469) js: js present: hits=2 full=0
I (72469) js: js present: hits=2 full=0
I (73483) js: js present: hits=2 full=0
I (74482) js: js present: hits=2 full=0
I (75482) js: js present: hits=2 full=0
I (76482) js: js present: hits=2 full=0
I (77482) js: js present: hits=2 full=0
I (78482) js: js present: hits=2 full=0
I (79482) js: js present: hits=2 full=0
I (80482) js: js present: hits=2 full=0
I (81482) js: js present: hits=2 full=0
I (82482) js: js pr
# >>> js tap 270 260
esent: hits=2 full=0
js tap 270 260
js init=1 screen_active=1 arena=163840 evals=16 exceptions=0 dispatches=14 last_error=""
reader> I (83482) js: js present: hits=2 full=0
I (84482) js: js present: hits=2 full=0
I (85482) js: js present: hits=2 full=0
I (86482) js: js present: hits=2 full=0
I (87482) js: js present: hits=2 full=0
I (88482) js: js present: hits=2 full=0
I (89482) js: js present: hits=2 full=0
I (90482) js: js present: hits=2 full=0
I (91482) js: js present: hits=2 full=0
I (92482) js: js present: hits=2 full=0
I (93482) js: js present: hits=2 full=0
I (94482) js: js present: hits=2 full=0

# done
