# port=/dev/serial/by-id/usb-Espressif_USB_JTAG_serial_debug_unit_D0:CF:13:16:17:DC-if00 modem_control=none
I (193) esp_image: segment 4: paddr=000e5d78 vaddr=40376d94 size[5nI (1022) display: frame storage ready: ops=512 arena=32768B trace=16384B (PSRAM)
I (1037) gpio: GPIO[5]| InputEn: 0| OutputEn: 0| OpenDrain: 0| Pullup: 1| Pulldown: 0| Intr:0 
I (1037) gpio: GPIO[6]| InputEn: 0| OutputEn: 0| OpenDrain: 0| Pullup: 1| 
# >>> js bc
js bc
I (56489) js: context ready: arena=163840 bytes, abi=v1
js error in <bc_hello>: TypeError: bytecode function expected

js init=1 screen_active=0 arena=163840 evals=2 exceptions=1 dispatches=0 last_error=""
js op result: CorruptData
Command returned non-zero error code: 0x1 (ERROR)
reader> 
# >>> js bc
js bc
js error in <bc_hello>: TypeError: bytecode function expected

js init=1 screen_active=0 arena=163840 evals=3 exceptions=2 dispatches=0 last_error=""
js op result: CorruptData
Command returned non-zero error code: 0x1 (ERROR)
reader> 
# >>> js status
js status
js init=1 screen_active=0 arena=163840 evals=3 exceptions=2 dispatches=0 last_error=""
reader> 
# done
