# port=/dev/serial/by-id/usb-Espressif_USB_JTAG_serial_debug_unit_D0:CF:13:16:17:DC-if00 modem_control=none
I (100297) input: quiet window reached (2 total)
I (100977) input: gesture Tap at 306,190
I (102617) input: gesture Tap at 224,168
I (103357) input: gesture Tap at 287,286
I (103777) input: gesture Tap at 279,526
I (105797) input: quiet window reached (3 I (117837) input: quiet window reached (5 total)

# >>> js swipe 5
js swipe 5
pulp screen: home
I (118266) m5_backend: present id=18 intent=CleanFull ops=20 skipped=0 damage=0,0,540,960 render_us=147847 wait_us=5
I (118268) js: js present: hits=7 full=1
js init=1 screen_active=1 arena=163840 evals=49 exceptions=0 dispatches=47 last_error=""
reader> 
# >>> js tap 270 190
js tap 270 190
I (126099) reader_ctl: resuming "Alice in Wonderland" at offset 2572
I (126584) m5_backend: present id=19 intent=CleanFull ops=28 skipped=0 damage=0,0,540,960 render_us=445688 wait_us=5
I (126585) reader_ctl: page at 2572 lines=23 full=1
js init=1 screen_active=0 arena=163840 evals=50 exceptions=0 dispatches=48 last_error=""
reader> 
# >>> js swipe 5
js swipe 5
I (134290) m5_backend: present id=20 intent=CleanFull ops=12 skipped=0 damage=0,0,540,960 render_us=154219 wait_us=13
I (134291) reader_ctl: library screen: 4 row region(s)
js init=1 screen_active=0 arena=163840 evals=50 exceptions=0 dispatches=48 last_error=""
reader> 
# >>> js swipe 5
js swipe 5
PULP OS booting, abi v1
pulp screen: home
I (142347) m5_backend: present id=21 intent=CleanFull ops=20 skipped=0 damage=0,0,540,960 render_us=147752 wait_us=5
I (142349) js: js present: hits=7 full=1
js init=1 screen_active=1 arena=163840 evals=51 exceptions=0 dispatches=48 last_error=""
reader> 
# done
