# port=/dev/serial/by-id/usb-Espressif_USB_JTAG_serial_debug_unit_D0:CF:13:16:17:DC-if00 modem_control=none
I (104) esp_image: segment 2: paddr=00070020 vaddr=42000020 size[5nI (1036) display: frame storage ready: ops=512 arena=32768B trace=16384B (PSRAM)
I (1052) gpio: GPIO[5]| InputEn: 0| OutputEn: 0| OpenDrain: 0| Pullup: 1| Pulldown: 0| Intr:0 
I (1052) gpio: GPIO[6]| InputEn: 0| OutputEn: 0| OpenDrain: 0| Pullup: 1| 
# >>> js pulp
js pulp
I (57570) js: context ready: arena=163840 bytes, abi=v1
PULP OS booting, abi v1
pulp screen: home
I (57765) m5_backend: present id=2 intent=CleanFull ops=20 skipped=0 damage=0,0,540,960 render_us=166704 wait_us=17
I (57767) js: js present: hits=7 full=1
js init=1 screen_active=1 arena=163840 evals=2 exceptions=0 dispatches=0 last_error=""
reader> 
# >>> js tap 270 330
js tap 270 330
pulp screen: blitz
I (71687) m5_backend: present id=3 intent=CleanFull ops=12 skipped=0 damage=0,0,540,960 render_us=158264 wait_us=13
I (71688) js: js present: hits=2 full=1
js init=1 screen_active=1 arena=163840 evals=3 exceptions=0 dispatches=1 last_error=""
reader> I (72549) js: js present: hits=2 full=0
I (73549) js: js present: hits=2 full=0
I (74563) js: js present: hits=2 full=0
I (75562) js: js present: hits=2 full=0
I (76562) js: js present: hits=2 full=0
I (77562) js: js present: hits=2 full=0
I (78562) js: js present: hits=2 full=0
I (79562) js: js present: hits=2 full=0
I (80562) js: js present: hits=2 full=0
I (81562) js: js present: hits=2 full=0
I (82562) js: js present: hits=2 full=0
I (83562) js: js present: hits=2 full=0
I (84562) js: js present: hits=2 full=0
I (85562) js: js present
# >>> js tap 270 150
: hits=2 full=0
js tap 270 150
I (85580) m5_backend: present id=4 intent=TextRegion ops=2 skipped=0 damage=40,428,460,22 render_us=5232 wait_us=13
I (85581) ui: update present: 1 rect(s), damage 460x22 at 40,428
I (85582) js: js present: hits=2 full=0
js init=1 screen_active=1 arena=163840 evals=18 exceptions=0 dispatches=16 last_error=""
reader> I (86585) m5_backend: present id=5 intent=TextRegion ops=2 skipped=0 damage=40,336,460,86 render_us=18859 wait_us=9
I (86586) ui: update present: 1 rect(s), damage 460x86 at 40,336
I (86587) js: js present: hits=2 full=0
I (87584) m5_backend: present id=6 intent=TextRegion ops=2 skipped=0 damage=40,336,460,86 render_us=17862 wait_us=6
I (87585) ui: update present: 1 rect(s), damage 460x86 at 40,336
I (87586) js: js present: hits=2 full=0
I (88583) m5_backend: present id=7 intent=TextRegion ops=2 skipped=0 damage=40,336,460,86 render_us=16862 wait_us=7
I (88584) ui: update present: 1 rect(s), damage 460x86 at 40,336
I (88585) js: js present: hits=2 full=0
I (89584) m5_backend: present id=8 intent=TextRegion ops=2 skipped=0 damage=40,336,460,86 render_us=17859 wait_us=6
I (89585) ui: update present: 1 rect(s), damage 460x86 at 40,336
I (89586) js: js present: hits=2 full=0
I (90581) m5_backend: present id=9 intent=TextRegion ops=2 skipped=0 damage=40,336,460,86 render_us=14835 wait_us=5
I (90582) ui: update present: 1 rect(s), damage 460x86 at 40,336
I (90583) js: js present: hits=2 full=0
I (91581) m5_backend: present id=10 intent=TextRegion ops=2 skipped=0 damage=40,336,460,86 render_us=14830 wait_us=5
I (91582) ui: update present: 1 rect(s), damage 460x86 at 40,336
I (91583) js: js present: hits=2 full=0
I (92583) m5_backend: present id=11 intent=TextRegion ops=2 skipped=0 damage=40,336,460,86 render_us=16841 wait_us=7
I (92584) ui: update present: 1 rect(s), damage 460x86 at 40,336
I (92585) js: js present: hits=2 full=0
I (93583) m5_backend: present id=12 intent=TextRegion ops=2 skipped=0 damage=40,336,460,86 render_us=16858 wait_us=7
I (93584) ui: update present: 1 rect(s), damage 460x86 at 40,336
I (93585) js: js present: hits=2 full=0
I (94583) m5_backend: present id=13 intent=TextRegion ops=2 skipped=0 damage=40,336,460,86 render_us=16837 wait_us=7
I (94584) ui: update present: 1 rect(s), damage 460x86 at 40,336
I (94585) js: js present: hits=2 full=0
I (95497) input: gesture SwipeDown at 272,513
pulp screen: home
I (95674) m5_backend: present id=14 intent=CleanFull ops=20 skipped=0 damage=0,0,540,960 render_us=147962 wait_us=5
I (95676) js: js present: hits=7 full=1
I (97517) input: quiet window reached (1 total)
I (98277) input: gesture Tap at 463,250
pulp screen: dice
I (98412) m5_backend: present id=15 intent=CleanFull ops=14 skipped=0 damage=0,0,540,960 render_us=117776 wait_us=17
I (98413) js: js present: hits=0 full=1

# done
