# port=/dev/serial/by-id/usb-Espressif_USB_JTAG_serial_debug_unit_D0:CF:13:16:17:DC-if00 modem_control=none

# >>> js library
js library
I (51628) m5_backend: present id=4 intent=CleanFull ops=10 skipped=0 damage=0,0,540,960 render_us=154915 wait_us=12
I (51629) js: js present: hits=3 full=1
js init=1 screen_active=1 arena=163840 evals=3 exceptions=0 dispatches=0 last_error=""
reader> 
# >>> js fault
js fault
js error in <fault>: SyntaxError: catch variable already exists
    at <fault>:12:48
W (63477) owner: js app failed; native fallback
I (63623) m5_backend: present id=5 intent=CleanFull ops=10 skipped=0 damage=0,0,540,960 render_us=135128 wait_us=7
I (63624) reader_ctl: library screen: 3 row region(s)
js init=1 screen_active=0 arena=163840 evals=4 exceptions=1 dispatches=0 last_error="SyntaxError: catch variable already exists"
js op result: CorruptData
Command returned non-zero error code: 0x1 (ERROR)
reader> 
# >>> reader
reader
reader open=1 screen=library title="Alice in Wonderland" source=embedded resumed=1 offset=4322 progress=100.0% lines=10 turns=0 at_end=1 checkpoints=1 bookmarked=0 marks=1
reader> 
# done
