# port=/dev/serial/by-id/usb-Espressif_USB_JTAG_serial_debug_unit_D0:CF:13:16:17:DC-if00 modem_control=none

# >>> js swipe 2
js swipe 2
I (147515) m5_backend: present id=6 intent=TextPage ops=30 skipped=0 damage=0,0,540,960 render_us=117294 wait_us=7
I (147516) js: js present: hits=3 full=0
js init=1 screen_active=1 arena=163840 evals=7 exceptions=0 dispatches=5 last_error=""
reader> 
# >>> js swipe 5
js swipe 5
I (152521) m5_backend: present id=7 intent=TextPage ops=30 skipped=0 damage=0,0,540,960 render_us=117552 wait_us=7
I (152522) js: js present: hits=3 full=0
js init=1 screen_active=1 arena=163840 evals=8 exceptions=0 dispatches=6 last_error=""
reader> 
# >>> js swipe 3
js swipe 3
I (157528) m5_backend: present id=8 intent=TextPage ops=30 skipped=0 damage=0,0,540,960 render_us=117559 wait_us=6
I (157529) js: js present: hits=3 full=0
js init=1 screen_active=1 arena=163840 evals=9 exceptions=0 dispatches=7 last_error=""
reader> 
# >>> js tap 380 415
js tap 380 415
js init=1 screen_active=1 arena=163840 evals=10 exceptions=0 dispatches=8 last_error=""
reader> 
# >>> js status
js status
js init=1 screen_active=1 arena=163840 evals=10 exceptions=0 dispatches=8 last_error=""
reader> 
# done
