# port=/dev/serial/by-id/usb-Espressif_USB_JTAG_serial_debug_unit_D0:CF:13:16:17:DC-if00 modem_control=none
I (225140) m5_backend: present id=37 intent=TextPage ops=12 skipped=0 damage=0,0,540,960 render_us=187795 wait_us=6
I (225142) js: js present: hits=2 full=0
I (226140) m5_backend: present id=38 intent=TextPage ops=12 skipped=0 damage=0,0,540,960 render_us=1
# >>> js pulp
js pulp
PULP OS booting, abi v1
I (241140) m5_backend: present id=53 intent=CleanFull ops=27 skipped=0 damage=0,0,540,960 render_us=286297 wait_us=7
I (241142) js: js present: hits=7 full=1
js init=1 screen_active=1 arena=163840 evals=55 exceptions=0 dispatches=51 last_error=""
reader> 
# >>> js tap 270 430
js tap 270 430
I (247303) m5_backend: present id=54 intent=CleanFull ops=23 skipped=0 damage=0,0,540,960 render_us=330614 wait_us=10
I (247304) js: js present: hits=3 full=1
js init=1 screen_active=1 arena=163840 evals=56 exceptions=0 dispatches=52 last_error=""
reader> 
# >>> js swipe 5
js swipe 5
I (253021) m5_backend: present id=55 intent=CleanFull ops=27 skipped=0 damage=0,0,540,960 render_us=164648 wait_us=7
I (253023) js: js present: hits=7 full=1
js init=1 screen_active=1 arena=163840 evals=57 exceptions=0 dispatches=53 last_error=""
reader> I (255527) input: gesture SwipeDown at 307,685
I (257547) input: quiet window reached (1 total)

# >>> js tap 270 375
js tap 270 375
js init=1 screen_active=1 arena=163840 evals=59 exceptions=0 dispatches=55 last_error=""
reader> 
# >>> js swipe 5
js swipe 5
I (265093) m5_backend: present id=56 intent=CleanFull ops=27 skipped=0 damage=0,0,540,960 render_us=163995 wait_us=7
I (265095) js: js present: hits=7 full=1
js init=1 screen_active=1 arena=163840 evals=60 exceptions=0 dispatches=56 last_error=""
reader> 
# >>> js tap 270 320
js tap 270 320
I (271059) m5_backend: present id=57 intent=CleanFull ops=15 skipped=0 damage=0,0,540,960 render_us=125543 wait_us=9
I (271060) js: js present: hits=6 full=1
js init=1 screen_active=1 arena=163840 evals=61 exceptions=0 dispatches=57 last_error=""
reader> 
# done
