# port=/dev/serial/by-id/usb-Espressif_USB_JTAG_serial_debug_unit_D0:CF:13:16:17:DC-if00 modem_control=none

# >>> soak start 10000
soak start 10000
I (93068) owner: soak start target=16
soak started: 10000 steps (query with 'soak status')
reader> I (93071) m5_backend: present id=3 intent=InteractiveInk ops=2 skipped=0 damage=0,0,64,48 render_us=2539 wait_us=9
I (93074) m5_backend: present id=4 intent=TextRegion ops=1 skipped=0 damage=97,211,64,48 render_us=1932 wait_us=13
I (93078) m5_backend: present id=5 intent=TextPage ops=1 skipped=0 damage=194,422,64,48 render_us=2596 wait_us=23
I (93082) m5_backend: present id=6 intent=ImageQuality ops=1 skipped=0 damage=291,633,64,48 render_us=2654 wait_us=6
I (93085) m5_backend: present id=7 intent=InteractiveInk ops=1 skipped=0 damage=388,844,64,48 render_us=1662 wait_us=4
I (93088) m5_backend: present id=8 intent=TextRegion ops=1 skipped=0 damage=45,195,64,48 render_us=1614 wait_us=24
I (93091) m5_backend: present id=9 intent=TextPage ops=1 skipped=0 damage=142,406,64,48 render_us=1720 wait_us=3
I (93095) m5_backend: present id=10 intent=TextRegion ops=1 skipped=0 damage=239,617,64,48 render_us=2666 wait_us=14
I (93120) m5_backend: present id=11 intent=InteractiveInk ops=2 skipped=0 damage=336,828,64,48 render_us=2517 wait_us=20993
I (93123) m5_backend: present id=12 intent=TextRegion ops=1 skipped=0 damage=433,179,64,48 render_us=1716 wait_us=22
I (93127) m5_backend: present id=13 intent=TextPage ops=1 skipped=0 damage=90,390,64,48 render_us=2535 wait_us=24
I (93165) m5_backend: present id=14 intent=TextRegion ops=1 skipped=0 damage=187,601,64,48 render_us=2616 wait_us=33998
I (93168) m5_backend: present id=15 intent=InteractiveInk ops=1 skipped=0 damage=284,812,64,48 render_us=1937 wait_us=6
I (93172) m5_backend: present id=16 intent=TextRegion ops=1 skipped=0 damage=381,163,64,48 render_us=2621 wait_us=6
I (93176) m5_backend: present id=17 intent=TextPage ops=1 skipped=0 damage=38,374,64,48 render_us=2650 wait_us=6
I (93212) m5_backend: present id=18 intent=TextRegion ops=1 skipped=0 damage=135,585,64,48 render_us=1621 wait_us=32978
I (93214) owner: soak progress 16/16 fulls=0 partials=16 errors=0 heap_free=299943
I (93214) owner: soak done steps=16 fulls=0 partials=16 errors=0 integrity_failures=0 elapsed_ms=146

# >>> soak status
soak status
soak active=0 progress=16/16 errors=0 fulls=0 partials=16
soak heap start=299943 now=299927 min=299943 integrity checks=1 failures=0 elapsed_ms=146
soak waveform[Quality] count=1 avg_us=2660 max_us=2660
soak waveform[Text] count=4 avg_us=2389 max_us=2656
soak waveform[Fast] count=7 avg_us=11691 max_us=36614
soak waveform[Fastest] count=4 avg_us=7416 max_us=23510
reader> 
# done
