# port=/dev/serial/by-id/usb-Espressif_USB_JTAG_serial_debug_unit_D0:CF:13:16:17:DC-if00 modem_control=none
I (104) esp_image: segment 2: paddr=0006fbe4 vaddr=40374000 size[5nI (1036) display: frame storage ready: ops=512 arena=32768B trace=16384B (PSRAM)
I (1051) gpio: GPIO[5]| InputEn: 0| OutputEn: 0| OpenDrain: 0| Pullup: 1| Pulldown: 0| Intr:0 
I (1051) gpio: GPIO[6]| InputEn: 0| OutputEn: 0| OpenDrain: 0| Pullup: 1| 
# >>> js pulp
js pulp
I (60474) js: context ready: arena=163840 bytes, abi=v1
PULP OS booting, abi v1
pulp screen: home
I (60654) m5_backend: present id=2 intent=CleanFull ops=19 skipped=1 damage=0,0,540,960 render_us=152771 wait_us=16
I (60656) js: js present: hits=7 full=1
js init=1 screen_active=1 arena=163840 evals=2 exceptions=0 dispatches=0 last_error=""
reader> 
# >>> js tap 270 240
js tap 270 240
pulp screen: dice
I (65547) m5_backend: present id=3 intent=CleanFull ops=12 skipped=2 damage=0,0,540,960 render_us=104096 wait_us=9
I (65548) js: js present: hits=0 full=1
js init=1 screen_active=1 arena=163840 evals=3 exceptions=0 dispatches=1 last_error=""
reader> 
# >>> js swipe 5
js swipe 5
pulp screen: home
I (70638) m5_backend: present id=4 intent=CleanFull ops=19 skipped=1 damage=0,0,540,960 render_us=138644 wait_us=7
I (70640) js: js present: hits=7 full=1
js init=1 screen_active=1 arena=163840 evals=4 exceptions=0 dispatches=2 last_error=""
reader> 
# >>> js tap 270 330
js tap 270 330
pulp screen: blitz
I (75626) m5_backend: present id=5 intent=CleanFull ops=8 skipped=4 damage=0,0,540,960 render_us=103737 wait_us=8
I (75627) js: js present: hits=2 full=1
js init=1 screen_active=1 arena=163840 evals=5 exceptions=0 dispatches=3 last_error=""
reader> pulp screen: blitz
I (76728) m5_backend: present id=6 intent=TextPage ops=8 skipped=4 damage=0,0,540,960 render_us=185145 wait_us=16
I (76730) js: js present: hits=2 full=0
pulp screen: blitz
I (77749) m5_backend: present id=7 intent=TextPage ops=8 skipped=4 damage=0,0,540,960 render_us=186015 wait_us=22
I (77751) js: js present: hits=2 full=0
pulp screen: blitz
I (78769) m5_backend: present id=8 intent=TextPage ops=8 skipped=4 damage=0,0,540,960 render_us=185927 wait_us=9
I (78771) js: js present: hits=2 full=0
pulp screen: blitz
I (79749) m5_backend: present id=9 intent=TextPage ops=8 skipped=4 damage=0,0,540,960 render_us=169187 wait_us=9
I (79751) js: js present: hits=2 full=0

# >>> js swipe 5
js swipe 5
pulp screen: blitz
I (80748) m5_backend: present id=10 intent=TextPage ops=8 skipped=4 damage=0,0,540,960 render_us=167859 wait_us=7
I (80750) js: js present: hits=2 full=0
pulp screen: home
I (81027) m5_backend: present id=11 intent=CleanFull ops=19 skipped=1 damage=0,0,540,960 render_us=224633 wait_us=7
I (81029) js: js present: hits=7 full=1
js init=1 screen_active=1 arena=163840 evals=11 exceptions=0 dispatches=9 last_error=""
reader> 
# >>> js tap 270 420
js tap 270 420
pulp screen: tea
I (85729) m5_backend: present id=12 intent=CleanFull ops=12 skipped=3 damage=0,0,540,960 render_us=115810 wait_us=9
I (85730) js: js present: hits=6 full=1
js init=1 screen_active=1 arena=163840 evals=12 exceptions=0 dispatches=10 last_error=""
reader> 
# >>> js swipe 5
js swipe 5
pulp screen: home
I (90767) m5_backend: present id=13 intent=CleanFull ops=19 skipped=1 damage=0,0,540,960 render_us=138953 wait_us=7
I (90769) js: js present: hits=7 full=1
js init=1 screen_active=1 arena=163840 evals=17 exceptions=0 dispatches=15 last_error=""
reader> 
# >>> js tap 270 510
js tap 270 510
pulp screen: postcard
I (95778) m5_backend: present id=14 intent=CleanFull ops=15 skipped=27 damage=0,0,540,960 render_us=115411 wait_us=9
I (95780) js: js present: hits=30 full=1
js init=1 screen_active=1 arena=163840 evals=18 exceptions=0 dispatches=16 last_error=""
reader> 
# >>> js swipe 5
js swipe 5
pulp screen: home
I (100818) m5_backend: present id=15 intent=CleanFull ops=19 skipped=1 damage=0,0,540,960 render_us=138820 wait_us=7
I (100820) js: js present: hits=7 full=1
js init=1 screen_active=1 arena=163840 evals=19 exceptions=0 dispatches=17 last_error=""
reader> 
# >>> js tap 270 600
js tap 270 600
js init=1 screen_active=1 arena=163840 evals=20 exceptions=0 dispatches=18 last_error=""
reader> 
# done
