# port=/dev/serial/by-id/usb-Espressif_USB_JTAG_serial_debug_unit_D0:CF:13:16:17:DC-if00 modem_control=none

# >>> reader next
reader next
I (74489) m5_backend: present id=2 intent=TextPage ops=28 skipped=0 damage=0,0,540,960 render_us=468244 wait_us=17
I (74490) reader_ctl: page at 3422 lines=23 full=0
reader open=1 screen=reading title="alice-demo" source=sd resumed=1 offset=3422 progress=91.9% lines=23 turns=1 at_end=0 checkpoints=2 bookmarked=0 marks=2
reader> 
# >>> reader prev
reader prev
I (78542) m5_backend: present id=3 intent=TextPage ops=29 skipped=0 damage=0,0,540,960 render_us=442819 wait_us=9
I (78543) reader_ctl: page at 2572 lines=23 full=0
reader open=1 screen=reading title="alice-demo" source=sd resumed=1 offset=2572 progress=72.8% lines=23 turns=2 at_end=0 checkpoints=2 bookmarked=1 marks=2
reader> 
# >>> bookmark toggle
bookmark toggle
I (82010) reader_ctl: bookmark removed at offset 2572
I (82465) m5_backend: present id=4 intent=TextPage ops=28 skipped=0 damage=0,0,540,960 render_us=443439 wait_us=8
I (82466) reader_ctl: page at 2572 lines=23 full=0
bookmarked=0 marks=1 offset=2572
reader> 
# >>> bookmark toggle
bookmark toggle
I (86033) reader_ctl: bookmark set at offset 2572
I (86487) m5_backend: present id=5 intent=TextPage ops=29 skipped=0 damage=0,0,540,960 render_us=442997 wait_us=9
I (86488) reader_ctl: page at 2572 lines=23 full=0
bookmarked=1 marks=2 offset=2572
reader> 
# >>> library show
library show
I (90213) m5_backend: present id=6 intent=CleanFull ops=10 skipped=0 damage=0,0,540,960 render_us=147200 wait_us=21
I (90214) reader_ctl: library screen: 3 row region(s)
library: 2 book(s)
  [0] "alice-demo" 4699 bytes hash=bd230159 /sdcard/books/alice-demo.txt
  [1] "P3C_FW_RESULT_AB" 250 bytes hash=8c6650f0 /sdcard/P3C_FW_RESULT_AB.txt
reader> 
# >>> reader open
reader open
I (94083) reader_ctl: resuming "Alice in Wonderland" at offset 2572
I (94569) m5_backend: present id=7 intent=CleanFull ops=29 skipped=0 damage=0,0,540,960 render_us=446902 wait_us=17
I (94570) reader_ctl: page at 2572 lines=23 full=1
reader open=1 screen=reading title="Alice in Wonderland" source=embedded resumed=1 offset=2572 progress=72.8% lines=23 turns=0 at_end=0 checkpoints=1 bookmarked=1 marks=2
reader> 
# done
