flash_utc=20260714T210824Z
port=/dev/serial/by-id/usb-Espressif_USB_JTAG_serial_debug_unit_D0:CF:13:16:17:DC-if00
real_port=/dev/ttyACM0
app_sha256=f24705a69ac0355006d82ea1873191c6084f96bc7a79fcd1008ef433208437f9
idf=ESP-IDF v5.4.2
esptool.py --chip esp32s3 -p /dev/serial/by-id/usb-Espressif_USB_JTAG_serial_debug_unit_D0:CF:13:16:17:DC-if00 -b 460800 --before default_reset --after hard_reset write_flash --flash_mode dio --flash_freq 80m --flash_size 16MB 0x0 bootloader/bootloader.bin 0x10000 papers3_epd_painter_control.bin 0x8000 partition_table/partition-table.bin
esptool.py v4.11.0
Serial port /dev/serial/by-id/usb-Espressif_USB_JTAG_serial_debug_unit_D0:CF:13:16:17:DC-if00
Connecting...
Chip is ESP32-S3 (QFN56) (revision v0.2)
Features: WiFi, BLE, Embedded PSRAM 8MB (AP_3v3)
Crystal is 40MHz
USB mode: USB-Serial/JTAG
MAC: d0:cf:13:16:17:dc
Uploading stub...
Running stub...
Stub running...
Changing baud rate to 460800
Changed.
Configuring flash size...
Flash will be erased from 0x00000000 to 0x00005fff...
Flash will be erased from 0x00010000 to 0x00079fff...
Flash will be erased from 0x00008000 to 0x00008fff...
SHA digest in image updated
Compressed 20784 bytes to 13200...
Writing at 0x00000000... (100 %)
Wrote 20784 bytes (13200 compressed) at 0x00000000 in 0.2 seconds (effective 740.9 kbit/s)...
Hash of data verified.
Compressed 433776 bytes to 178235...
Writing at 0x00010000... (9 %)
Writing at 0x000201ff... (18 %)
Writing at 0x0003fcda... (27 %)
Writing at 0x00045f62... (36 %)
Writing at 0x0004c0c0... (45 %)
Writing at 0x00052531... (54 %)
Writing at 0x00059e28... (63 %)
Writing at 0x00061aea... (72 %)
Writing at 0x00067e03... (81 %)
Writing at 0x0006ddb8... (90 %)
Writing at 0x000741f2... (100 %)
Wrote 433776 bytes (178235 compressed) at 0x00010000 in 2.3 seconds (effective 1533.2 kbit/s)...
Hash of data verified.
Compressed 3072 bytes to 105...
Writing at 0x00008000... (100 %)
Wrote 3072 bytes (105 compressed) at 0x00008000 in 0.0 seconds (effective 864.0 kbit/s)...
Hash of data verified.

Leaving...
Hard resetting via RTS pin...
post_flash_app_sha256=f24705a69ac0355006d82ea1873191c6084f96bc7a79fcd1008ef433208437f9
