flash_utc=20260714T205954Z
port=/dev/serial/by-id/usb-Espressif_USB_JTAG_serial_debug_unit_D0:CF:13:16:17:DC-if00
real_port=/dev/ttyACM0
app_sha256=2791e8334e2dae02612cf57ef58437758420a8168487fde3994d4fc73f3c5135
idf=ESP-IDF v5.4.2
Executing action: flash
Running ninja in directory /home/manuel/workspaces/2025-12-21/echo-base-documentation/esp32-s3-m5/0107-papers3-epd-painter-control/build-ticket
Executing "ninja flash"...
[0/1] Re-running CMake...
-- Building ESP-IDF components for target esp32s3
-- Project sdkconfig file /home/manuel/workspaces/2025-12-21/echo-base-documentation/esp32-s3-m5/0107-papers3-epd-painter-control/sdkconfig.ticket
Loading defaults file /home/manuel/workspaces/2025-12-21/echo-base-documentation/esp32-s3-m5/0107-papers3-epd-painter-control/sdkconfig.defaults...
-- Compiler supported targets: xtensa-esp-elf
-- USING O3
-- App "papers3_epd_painter_control" version: 9c59ed6-dirty
-- Adding linker script /home/manuel/workspaces/2025-12-21/echo-base-documentation/esp32-s3-m5/0107-papers3-epd-painter-control/build-ticket/esp-idf/esp_system/ld/memory.ld
-- Adding linker script /home/manuel/workspaces/2025-12-21/echo-base-documentation/esp32-s3-m5/0107-papers3-epd-painter-control/build-ticket/esp-idf/esp_system/ld/sections.ld.in
-- Adding linker script /home/manuel/esp/esp-idf-5.4.2/components/esp_rom/esp32s3/ld/esp32s3.rom.ld
-- Adding linker script /home/manuel/esp/esp-idf-5.4.2/components/esp_rom/esp32s3/ld/esp32s3.rom.api.ld
-- Adding linker script /home/manuel/esp/esp-idf-5.4.2/components/esp_rom/esp32s3/ld/esp32s3.rom.bt_funcs.ld
-- Adding linker script /home/manuel/esp/esp-idf-5.4.2/components/esp_rom/esp32s3/ld/esp32s3.rom.libgcc.ld
-- Adding linker script /home/manuel/esp/esp-idf-5.4.2/components/esp_rom/esp32s3/ld/esp32s3.rom.wdt.ld
-- Adding linker script /home/manuel/esp/esp-idf-5.4.2/components/esp_rom/esp32s3/ld/esp32s3.rom.version.ld
-- Adding linker script /home/manuel/esp/esp-idf-5.4.2/components/esp_rom/esp32s3/ld/esp32s3.rom.ble_master.ld
-- Adding linker script /home/manuel/esp/esp-idf-5.4.2/components/esp_rom/esp32s3/ld/esp32s3.rom.ble_50.ld
-- Adding linker script /home/manuel/esp/esp-idf-5.4.2/components/esp_rom/esp32s3/ld/esp32s3.rom.ble_smp.ld
-- Adding linker script /home/manuel/esp/esp-idf-5.4.2/components/esp_rom/esp32s3/ld/esp32s3.rom.ble_dtm.ld
-- Adding linker script /home/manuel/esp/esp-idf-5.4.2/components/esp_rom/esp32s3/ld/esp32s3.rom.ble_test.ld
-- Adding linker script /home/manuel/esp/esp-idf-5.4.2/components/esp_rom/esp32s3/ld/esp32s3.rom.ble_scan.ld
-- Adding linker script /home/manuel/esp/esp-idf-5.4.2/components/esp_rom/esp32s3/ld/esp32s3.rom.newlib.ld
-- Adding linker script /home/manuel/esp/esp-idf-5.4.2/components/soc/esp32s3/ld/esp32s3.peripherals.ld
-- Components: app_trace app_update bootloader bootloader_support bt cmock console cxx driver efuse epd_painter esp-tls esp_adc esp_app_format esp_bootloader_format esp_coex esp_common esp_driver_ana_cmpr esp_driver_cam esp_driver_dac esp_driver_gpio esp_driver_gptimer esp_driver_i2c esp_driver_i2s esp_driver_isp esp_driver_jpeg esp_driver_ledc esp_driver_mcpwm esp_driver_parlio esp_driver_pcnt esp_driver_ppa esp_driver_rmt esp_driver_sdio esp_driver_sdm esp_driver_sdmmc esp_driver_sdspi esp_driver_spi esp_driver_touch_sens esp_driver_tsens esp_driver_uart esp_driver_usb_serial_jtag esp_eth esp_event esp_gdbstub esp_hid esp_http_client esp_http_server esp_https_ota esp_https_server esp_hw_support esp_lcd esp_local_ctrl esp_mm esp_netif esp_netif_stack esp_partition esp_phy esp_pm esp_psram esp_ringbuf esp_rom esp_security esp_system esp_timer esp_vfs_console esp_wifi espcoredump esptool_py fatfs freertos hal heap http_parser idf_test ieee802154 json log lwip main mbedtls mqtt newlib nvs_flash nvs_sec_provider openthread partition_table perfmon protobuf-c protocomm pthread rt sdmmc soc spi_flash spiffs tcp_transport touch_element ulp unity usb vfs wear_levelling wifi_provisioning wpa_supplicant xtensa
-- Component paths: /home/manuel/esp/esp-idf-5.4.2/components/app_trace /home/manuel/esp/esp-idf-5.4.2/components/app_update /home/manuel/esp/esp-idf-5.4.2/components/bootloader /home/manuel/esp/esp-idf-5.4.2/components/bootloader_support /home/manuel/esp/esp-idf-5.4.2/components/bt /home/manuel/esp/esp-idf-5.4.2/components/cmock /home/manuel/esp/esp-idf-5.4.2/components/console /home/manuel/esp/esp-idf-5.4.2/components/cxx /home/manuel/esp/esp-idf-5.4.2/components/driver /home/manuel/esp/esp-idf-5.4.2/components/efuse /home/manuel/workspaces/2025-12-21/echo-base-documentation/esp32-s3-m5/0107-papers3-epd-painter-control/components/epd_painter /home/manuel/esp/esp-idf-5.4.2/components/esp-tls /home/manuel/esp/esp-idf-5.4.2/components/esp_adc /home/manuel/esp/esp-idf-5.4.2/components/esp_app_format /home/manuel/esp/esp-idf-5.4.2/components/esp_bootloader_format /home/manuel/esp/esp-idf-5.4.2/components/esp_coex /home/manuel/esp/esp-idf-5.4.2/components/esp_common /home/manuel/esp/esp-idf-5.4.2/components/esp_driver_ana_cmpr /home/manuel/esp/esp-idf-5.4.2/components/esp_driver_cam /home/manuel/esp/esp-idf-5.4.2/components/esp_driver_dac /home/manuel/esp/esp-idf-5.4.2/components/esp_driver_gpio /home/manuel/esp/esp-idf-5.4.2/components/esp_driver_gptimer /home/manuel/esp/esp-idf-5.4.2/components/esp_driver_i2c /home/manuel/esp/esp-idf-5.4.2/components/esp_driver_i2s /home/manuel/esp/esp-idf-5.4.2/components/esp_driver_isp /home/manuel/esp/esp-idf-5.4.2/components/esp_driver_jpeg /home/manuel/esp/esp-idf-5.4.2/components/esp_driver_ledc /home/manuel/esp/esp-idf-5.4.2/components/esp_driver_mcpwm /home/manuel/esp/esp-idf-5.4.2/components/esp_driver_parlio /home/manuel/esp/esp-idf-5.4.2/components/esp_driver_pcnt /home/manuel/esp/esp-idf-5.4.2/components/esp_driver_ppa /home/manuel/esp/esp-idf-5.4.2/components/esp_driver_rmt /home/manuel/esp/esp-idf-5.4.2/components/esp_driver_sdio /home/manuel/esp/esp-idf-5.4.2/components/esp_driver_sdm /home/manuel/esp/esp-idf-5.4.2/components/esp_driver_sdmmc /home/manuel/esp/esp-idf-5.4.2/components/esp_driver_sdspi /home/manuel/esp/esp-idf-5.4.2/components/esp_driver_spi /home/manuel/esp/esp-idf-5.4.2/components/esp_driver_touch_sens /home/manuel/esp/esp-idf-5.4.2/components/esp_driver_tsens /home/manuel/esp/esp-idf-5.4.2/components/esp_driver_uart /home/manuel/esp/esp-idf-5.4.2/components/esp_driver_usb_serial_jtag /home/manuel/esp/esp-idf-5.4.2/components/esp_eth /home/manuel/esp/esp-idf-5.4.2/components/esp_event /home/manuel/esp/esp-idf-5.4.2/components/esp_gdbstub /home/manuel/esp/esp-idf-5.4.2/components/esp_hid /home/manuel/esp/esp-idf-5.4.2/components/esp_http_client /home/manuel/esp/esp-idf-5.4.2/components/esp_http_server /home/manuel/esp/esp-idf-5.4.2/components/esp_https_ota /home/manuel/esp/esp-idf-5.4.2/components/esp_https_server /home/manuel/esp/esp-idf-5.4.2/components/esp_hw_support /home/manuel/esp/esp-idf-5.4.2/components/esp_lcd /home/manuel/esp/esp-idf-5.4.2/components/esp_local_ctrl /home/manuel/esp/esp-idf-5.4.2/components/esp_mm /home/manuel/esp/esp-idf-5.4.2/components/esp_netif /home/manuel/esp/esp-idf-5.4.2/components/esp_netif_stack /home/manuel/esp/esp-idf-5.4.2/components/esp_partition /home/manuel/esp/esp-idf-5.4.2/components/esp_phy /home/manuel/esp/esp-idf-5.4.2/components/esp_pm /home/manuel/esp/esp-idf-5.4.2/components/esp_psram /home/manuel/esp/esp-idf-5.4.2/components/esp_ringbuf /home/manuel/esp/esp-idf-5.4.2/components/esp_rom /home/manuel/esp/esp-idf-5.4.2/components/esp_security /home/manuel/esp/esp-idf-5.4.2/components/esp_system /home/manuel/esp/esp-idf-5.4.2/components/esp_timer /home/manuel/esp/esp-idf-5.4.2/components/esp_vfs_console /home/manuel/esp/esp-idf-5.4.2/components/esp_wifi /home/manuel/esp/esp-idf-5.4.2/components/espcoredump /home/manuel/esp/esp-idf-5.4.2/components/esptool_py /home/manuel/esp/esp-idf-5.4.2/components/fatfs /home/manuel/esp/esp-idf-5.4.2/components/freertos /home/manuel/esp/esp-idf-5.4.2/components/hal /home/manuel/esp/esp-idf-5.4.2/components/heap /home/manuel/esp/esp-idf-5.4.2/components/http_parser /home/manuel/esp/esp-idf-5.4.2/components/idf_test /home/manuel/esp/esp-idf-5.4.2/components/ieee802154 /home/manuel/esp/esp-idf-5.4.2/components/json /home/manuel/esp/esp-idf-5.4.2/components/log /home/manuel/esp/esp-idf-5.4.2/components/lwip /home/manuel/workspaces/2025-12-21/echo-base-documentation/esp32-s3-m5/0107-papers3-epd-painter-control/main /home/manuel/esp/esp-idf-5.4.2/components/mbedtls /home/manuel/esp/esp-idf-5.4.2/components/mqtt /home/manuel/esp/esp-idf-5.4.2/components/newlib /home/manuel/esp/esp-idf-5.4.2/components/nvs_flash /home/manuel/esp/esp-idf-5.4.2/components/nvs_sec_provider /home/manuel/esp/esp-idf-5.4.2/components/openthread /home/manuel/esp/esp-idf-5.4.2/components/partition_table /home/manuel/esp/esp-idf-5.4.2/components/perfmon /home/manuel/esp/esp-idf-5.4.2/components/protobuf-c /home/manuel/esp/esp-idf-5.4.2/components/protocomm /home/manuel/esp/esp-idf-5.4.2/components/pthread /home/manuel/esp/esp-idf-5.4.2/components/rt /home/manuel/esp/esp-idf-5.4.2/components/sdmmc /home/manuel/esp/esp-idf-5.4.2/components/soc /home/manuel/esp/esp-idf-5.4.2/components/spi_flash /home/manuel/esp/esp-idf-5.4.2/components/spiffs /home/manuel/esp/esp-idf-5.4.2/components/tcp_transport /home/manuel/esp/esp-idf-5.4.2/components/touch_element /home/manuel/esp/esp-idf-5.4.2/components/ulp /home/manuel/esp/esp-idf-5.4.2/components/unity /home/manuel/esp/esp-idf-5.4.2/components/usb /home/manuel/esp/esp-idf-5.4.2/components/vfs /home/manuel/esp/esp-idf-5.4.2/components/wear_levelling /home/manuel/esp/esp-idf-5.4.2/components/wifi_provisioning /home/manuel/esp/esp-idf-5.4.2/components/wpa_supplicant /home/manuel/esp/esp-idf-5.4.2/components/xtensa
-- Configuring done (3.1s)
-- Generating done (0.5s)
-- Build files have been written to: /home/manuel/workspaces/2025-12-21/echo-base-documentation/esp32-s3-m5/0107-papers3-epd-painter-control/build-ticket
[1/10] Building C object esp-idf/esp_app_format/CMakeFiles/__idf_esp_app_format.dir/esp_app_desc.c.obj
[2/10] Performing build step for 'bootloader'
[1/1] cd /home/manuel/workspaces/2025-12-21/echo-base-documentation/esp32-s3-m5/0107-papers3-epd-painter-control/build-ticket/bootloader/esp-idf/esptool_py && /home/manuel/.espressif/python_env/idf5.4_py3.13_env/bin/python /home/manuel/esp/esp-idf-5.4.2/components/partition_table/check_sizes.py --offset 0x8000 bootloader 0x0 /home/manuel/workspaces/2025-12-21/echo-base-documentation/esp32-s3-m5/0107-papers3-epd-painter-control/build-ticket/bootloader/bootloader.bin
Bootloader binary size 0x5130 bytes. 0x2ed0 bytes (37%) free.
[3/10] Linking C static library esp-idf/esp_app_format/libesp_app_format.a
[4/10] No install step for 'bootloader'
[5/10] Completed 'bootloader'
[6/10] Generating ld/sections.ld
[7/10] Linking CXX executable papers3_epd_painter_control.elf
[8/10] Generating binary image from built executable
esptool.py v4.11.0
Creating esp32s3 image...
Merged 2 ELF sections
Successfully created esp32s3 image.
Generated /home/manuel/workspaces/2025-12-21/echo-base-documentation/esp32-s3-m5/0107-papers3-epd-painter-control/build-ticket/papers3_epd_painter_control.bin
[9/10] cd /home/manuel/workspaces/2025-12-21/echo-base-documentation/esp32-s3-m5/0107-papers3-epd-painter-control/build-ticket/esp-idf/esptool_py && /home/manuel/.espressif/python_env/idf5.4_py3.13_env/bin/python /home/manuel/esp/esp-idf-5.4.2/components/partition_table/check_sizes.py --offset 0x8000 partition --type app /home/manuel/workspaces/2025-12-21/echo-base-documentation/esp32-s3-m5/0107-papers3-epd-painter-control/build-ticket/partition_table/partition-table.bin /home/manuel/workspaces/2025-12-21/echo-base-documentation/esp32-s3-m5/0107-papers3-epd-painter-control/build-ticket/papers3_epd_painter_control.bin
papers3_epd_painter_control.bin binary size 0x69e70 bytes. Smallest app partition is 0x400000 bytes. 0x396190 bytes (90%) free.
[9/10] cd /home/manuel/esp/esp-idf-5.4.2/components/esptool_py && /usr/bin/cmake -D IDF_PATH=/home/manuel/esp/esp-idf-5.4.2 -D "SERIAL_TOOL=/home/manuel/.espressif/python_env/idf5.4_py3.13_env/bin/python;;/home/manuel/esp/esp-idf-5.4.2/components/esptool_py/esptool/esptool.py;--chip;esp32s3" -D "SERIAL_TOOL_ARGS=--before=default_reset;--after=hard_reset;write_flash;@flash_args" -D WORKING_DIRECTORY=/home/manuel/workspaces/2025-12-21/echo-base-documentation/esp32-s3-m5/0107-papers3-epd-painter-control/build-ticket -P /home/manuel/esp/esp-idf-5.4.2/components/esptool_py/run_serial_tool.cmake
esptool.py --chip esp32s3 -p /dev/serial/by-id/usb-Espressif_USB_JTAG_serial_debug_unit_D0:CF:13:16:17:DC-if00 -b 460800 --before=default_reset --after=hard_reset write_flash --flash_mode dio --flash_freq 80m --flash_size 16MB 0x0 bootloader/bootloader.bin 0x10000 papers3_epd_painter_control.bin 0x8000 partition_table/partition-table.bin
esptool.py v4.11.0
Serial port /dev/serial/by-id/usb-Espressif_USB_JTAG_serial_debug_unit_D0:CF:13:16:17:DC-if00
Connecting...
Chip is ESP32-S3 (QFN56) (revision v0.2)
Features: WiFi, BLE, Embedded PSRAM 8MB (AP_3v3)
Crystal is 40MHz
USB mode: USB-Serial/JTAG
MAC: d0:cf:13:16:17:dc
Uploading stub...
Running stub...
Stub running...
Changing baud rate to 460800
Changed.
Configuring flash size...
Flash will be erased from 0x00000000 to 0x00005fff...
Flash will be erased from 0x00010000 to 0x00079fff...
Flash will be erased from 0x00008000 to 0x00008fff...
SHA digest in image updated
Compressed 20784 bytes to 13201...
Writing at 0x00000000... (100 %)
Wrote 20784 bytes (13201 compressed) at 0x00000000 in 0.2 seconds (effective 739.3 kbit/s)...
Hash of data verified.
Compressed 433776 bytes to 178222...
Writing at 0x00010000... (9 %)
Writing at 0x000202a1... (18 %)
Writing at 0x0003fce7... (27 %)
Writing at 0x00045f70... (36 %)
Writing at 0x0004c0d5... (45 %)
Writing at 0x00052543... (54 %)
Writing at 0x00059e3d... (63 %)
Writing at 0x00061af7... (72 %)
Writing at 0x00067e10... (81 %)
Writing at 0x0006ddd2... (90 %)
Writing at 0x00074201... (100 %)
Wrote 433776 bytes (178222 compressed) at 0x00010000 in 2.3 seconds (effective 1517.1 kbit/s)...
Hash of data verified.
Compressed 3072 bytes to 105...
Writing at 0x00008000... (100 %)
Wrote 3072 bytes (105 compressed) at 0x00008000 in 0.0 seconds (effective 886.9 kbit/s)...
Hash of data verified.

Leaving...
Hard resetting via RTS pin...
Done
