# port=/dev/serial/by-id/usb-Espressif_USB_JTAG_serial_debug_unit_D0:CF:13:16:17:DC-if00 modem_control=none
I (103) esp_image: segment 2: paddr=0006eeec vaddr=40374000 sizeI (1036) display: PT Serif registered: 134264 bytes, body ascent=27 descent=7 line_height=34
[5nI (1037) display: frame storage ready: ops=512 arena=32768B trace=16384B (PSRAM)
I (1052) gpio: GPIO[5]| InputEn: 0| OutputEn: 0| OpenDrain: 0| Pullup: 1| Pu
# >>> status
status
state=ready uptime_ms=10483 owner_seq=205
processed[ConsoleCommand]=1
processed[Pointer]=0
processed[TimerDue]=204
processed[StorageComplete]=0
processed[ShutdownRequest]=0
reader> 
# >>> reader next
reader next
reader: at end of book
reader open=1 screen=reading title="Alice in Wonderland" source=embedded resumed=1 offset=4322 progress=100.0% lines=10 turns=0 at_end=1 checkpoints=1 bookmarked=0 marks=2
reader> 
# >>> reader prev
reader prev
I (31991) m5_backend: present id=2 intent=TextPage ops=24 skipped=0 damage=0,0,540,960 render_us=378358 wait_us=21
I (31992) reader_ctl: page at 4022 lines=18 full=0
reader open=1 screen=reading title="Alice in Wonderland" source=embedded resumed=1 offset=4022 progress=100.0% lines=18 turns=1 at_end=1 checkpoints=2 bookmarked=1 marks=2
reader> 
# >>> library show
library show
I (41789) m5_backend: present id=3 intent=CleanFull ops=12 skipped=0 damage=0,0,540,960 render_us=157934 wait_us=21
I (41790) reader_ctl: library screen: 4 row region(s)
library: 3 book(s)
  [0] "alice-demo" 4699 bytes hash=bd230159 /sdcard/books/alice-demo.txt
  [1] "P3C_FW_RESULT_AB" 250 bytes hash=8c6650f0 /sdcard/P3C_FW_RESULT_AB.txt
  [2] "postcard" 18 bytes hash=61990437 /sdcard/books/postcard.txt
reader> 
# done
