# port=/dev/serial/by-id/usb-Espressif_USB_JTAG_serial_debug_unit_D0:CF:13:16:17:DC-if00 modem_control=none

# >>> status
I (170) esp_image: segment 4: paddr=000c6e28 vaddr=403763a8 sizeI (935) esp_psram: SPI SRAM memory test OK
I (944) cpu_start: Pro cpu start user code
I (944) cpu_start: cpu freq: 160000000 Hz
I (944) app_init: Application information:
I (945) app_init: Project name:     papers3_pulp_os
I (945) app_init: App version:      3d6c066-dirty
I (945) app_init: Compile time:     Jul 16 2026 14:49:09
I (945) app_init: ELF file SHA256:  69a7796c4...
I (945) app_init: ESP-IDF:          v5.3.4
I (945) efuse_init: Min chip rev:     v0.0
I (946) efuse_init: Max chip rev:     v0.99 
I (946) efuse_init: Chip rev:         v0.2
I (946) heap_init: Initializing. RAM available for dynamic allocation:
I (946) heap_init: At 3FCA3358 len 000463B8 (280 KiB): RAM
I (946) heap_init: At 3FCE9710 len 00005724 (21 KiB): RAM
I (947) heap_init: At 3FCF0000 len 00008000 (32 KiB): DRAM
I (947) heap_init: At 600FE06C len 00001F7C (7 KiB): RTCRAM
I (947) esp_psram: Adding pool of 8192K of PSRAM memory to heap allocator
I (948) spi_flash: detected chip: generic
I (948) spi_flash: flash io: dio
I (950) sleep: Configure to isolate all GPIO pins in sleep state
I (950) sleep: Enable automatic switching of GPIO sleep configuration
I (951) main_task: Started on CPU0
I (952) esp_psram: Reserving pool of 32K of internal memory for DMA/internal allocations
I (953) main_task: Calling app_main()
I (953) app_main: pulp-os boot
I (953) app_main: chip=esp32s3 cores=2 rev=2 reset_reason=11
I (953) app_main: heap internal_free=324103 largest=229376
I (953) app_main: psram free=8385916 largest=8257536
I (954) power: boot: reset_reason=11 wakeup_cause=0
I (954) runtime: fonts registered: serif=134264B sans=56032B body line_height=34
[5nI (956) runtime: runtime ready: ops=512 arena=32768B trace=16384B widgets=128 (17412 bytes, PSRAM)
I (971) gpio: GPIO[5]| InputEn: 0| OutputEn: 0| OpenDrain: 0| Pullup: 1| Pulldown: 0| Intr:0 
I (971) gpio: GPIO[6]| InputEn: 0| OutputEn: 0| OpenDrain: 0| Pullup: 1| Pulldown: 0| Intr:0 
I (972) gpio: GPIO[4]| InputEn: 0| OutputEn: 0| OpenDrain: 0| Pullup: 1| Pulldown: 0| Intr:0 
I (972) gpio: GPIO[5]| InputEn: 0| OutputEn: 0| OpenDrain: 0| Pullup: 1| Pulldown: 0| Intr:0 
I (973) gpio: GPIO[6]| InputEn: 0| OutputEn: 0| OpenDrain: 0| Pullup: 1| Pulldown: 0| Intr:0 
I (975) gpio: GPIO[41]| InputEn: 1| OutputEn: 1| OpenDrain: 1| Pullup: 1| Pulldown: 0| Intr:0 
I (976) gpio: GPIO[42]| InputEn: 1| OutputEn: 1| OpenDrain: 1| Pullup: 1| Pulldown: 0| Intr:0 
I (977) M5GFX: [Autodetect] board_M5PaperS3
I (1228) gpio: GPIO[41]| InputEn: 1| OutputEn: 1| OpenDrain: 1| Pullup: 1| Pulldown: 0| Intr:0 
I (1229) gpio: GPIO[42]| InputEn: 1| OutputEn: 1| OpenDrain: 1| Pullup: 1| Pulldown: 0| Intr:0 
I (1233) gpio: GPIO[41]| InputEn: 1| OutputEn: 1| OpenDrain: 1| Pullup: 1| Pulldown: 0| Intr:0 
I (1234) gpio: GPIO[42]| InputEn: 1| OutputEn: 1| OpenDrain: 1| Pullup: 1| Pulldown: 0| Intr:0 
I (1295) gpio: GPIO[41]| InputEn: 1| OutputEn: 1| OpenDrain: 1| Pullup: 1| Pulldown: 0| Intr:0 
I (1296) gpio: GPIO[42]| InputEn: 1| OutputEn: 1| OpenDrain: 1| Pullup: 1| Pulldown: 0| Intr:0 

Type 'help' to get the list of commands.
Use UP/DOWN arrows to navigate through command history.
Press TAB when typing command name to auto-complete.

Your terminal application does not support escape sequences.

Line editing and history features are disabled.

On Windows, try using Putty instead.
pulp> I (2915) app_main: pulp-os ready: owner task + console proxy active
I (2977) main_task: Returned from app_main()
I (6099) gpio: GPIO[41]| InputEn: 1| OutputEn: 1| OpenDrain: 1| Pullup: 1| Pulldown: 0| Intr:0 
I (6100) gpio: GPIO[42]| InputEn: 1| OutputEn: 1| OpenDrain: 1| Pullup: 1| Pulldown: 0| Intr:0 
I (6105) gpio: GPIO[41]| InputEn: 1| OutputEn: 1| OpenDrain: 1| Pullup: 1| Pulldown: 0| Intr:0 
I (6106) gpio: GPIO[42]| InputEn: 1| OutputEn: 1| OpenDrain: 1| Pullup: 1| Pulldown: 0| Intr:0 
I (6501) m5_backend: init board=19 display=540x960
I (6505) gpio: GPIO[47]| InputEn: 0| OutputEn: 1| OpenDrain: 0| Pullup: 0| Pulldown: 0| Intr:0 
I (6507) sdspi_transaction: cmd=52, R1 response: command not supported
I (6550) sdspi_transaction: cmd=5, R1 response: command not supported
I (6603) storage: mounted /sdcard: 7580 MiB
I (6613) storage: loaded 1 reading position(s)
I (6624) storage: loaded 2 bookmark(s)
I (6644) storage: loaded catalog with 3 book(s)
W (6657) storage: primary settings missing; using backup
I (6660) storage: loaded 1 setting(s)
I (7050) m5_backend: present id=1 intent=CleanFull ops=9 skipped=0 damage=0,0,540,960 render_us=372855 wait_us=19
pulp screen: home-native
I (7052) home: home presented (full=1)
I (7052) input: touch polling enabled (20ms)
I (7052) owner: owner task ready; queue capacity=32

# >>> heap
heap
internal_free=264475 internal_min_free=257467 internal_largest=163840
psram_free=6691036 psram_largest=6684672
pulp> 
# >>> display
display
state=ready fake init=1 frames=0
m5 init=1 size=540x960 frames=1 presents=1
pulp> 
# >>> sd status
sd status
sd mounted=1 capacity_mib=7580 books=0 positions=1 position_writes=0 write_failures=0
scan cached=0 hashed=0 last_ms=0 catalog_writes=0
pulp> 
# >>> touch status
touch status
touch enabled=1 samples=1690 quiet_windows=0
pointer down=0 move=0 up=0 cancel=0 last=-1,-1
gestures tap=0 long=0 swL=0 swR=0 swU=0 swD=0
pulp> 
# >>> sleep status
sleep status
battery=100% (4158 mV) charging=0 wakeup_cause=0 reset_reason=11 auto_sleep=0s
pulp> 
# >>> home
home
I (61071) m5_backend: present id=2 intent=CleanFull ops=9 skipped=0 damage=0,0,540,960 render_us=153064 wait_us=7
pulp screen: home-native
I (61072) home: home presented (full=1)
home present: Ok
pulp> 
# done
