# port=/dev/serial/by-id/usb-Espressif_USB_JTAG_serial_debug_unit_D0:CF:13:16:17:DC-if00 modem_control=none
I (106) esp_image: segment 3: paddr=00070020 vaddr=42000020 size[5nI (1026) runtime: runtime ready: ops=512 arena=32768B trace=16384B widgets=128 (17412 bytes, PSRAM)
I (1041) gpio: GPIO[5]| InputEn: 0| OutputEn: 0| OpenDrain: 0| Pullup: 1| Pulldown: 0| Intr:0 
I (1041) gpio: GPIO[6]| InputEn: 0| OutputEn: 0| OpenDr
# >>> js probe 6
js probe 6
I (8746) js: context ready: arena=163840 bytes, abi=v2
I (8945) m5_backend: present id=2 intent=CleanFull ops=2 skipped=0 damage=0,0,540,960 render_us=182635 wait_us=16
I (8947) js: js present: page=probe6 hits=0 mode=1
pulp screen: probe6
js init=1 screen_active=1 arena=163840 evals=2 exceptions=0 dispatches=0 last_error=""
pulp> 
# >>> js probe 7
js probe 7
I (12864) m5_backend: present id=3 intent=CleanFull ops=2 skipped=0 damage=0,0,540,960 render_us=97091 wait_us=7
I (12865) js: js present: page=probe7 hits=1 mode=1
pulp screen: probe7
js init=1 screen_active=1 arena=163840 evals=3 exceptions=0 dispatches=0 last_error=""
pulp> 
# >>> js probe 8
js probe 8
I (16881) m5_backend: present id=4 intent=CleanFull ops=2 skipped=0 damage=0,0,540,960 render_us=96634 wait_us=7
I (16882) js: js present: page=probe8 hits=1 mode=1
pulp screen: probe8
js init=1 screen_active=1 arena=163840 evals=4 exceptions=0 dispatches=0 last_error=""
pulp> 
# done
