# port=/dev/serial/by-id/usb-Espressif_USB_JTAG_serial_debug_unit_D0:CF:13:16:17:DC-if00 modem_control=none
I (56296) m5_backend: present id=19 intent=TextRegion ops=2 skipped=0 damage=40,129,460,86 render_us=15860 wait_us=7
I (56297) runtime: update present: 1 rect(s), damage 460x86 at 40,129
I (56298) js: js present: page=probe4 hits=0 mode=2
I (57315) m5_back
# >>> js probe 3
js probe 3
I (80475) m5_backend: present id=43 intent=CleanFull ops=2 skipped=0 damage=0,0,540,960 render_us=97583 wait_us=6
I (80476) js: js present: page=probe3 hits=1 mode=1
pulp screen: probe3
js init=1 screen_active=1 arena=163840 evals=4 exceptions=0 dispatches=46 last_error=""
pulp> 
# >>> js tap 270 140
js tap 270 140
I (83389) js: js present: page=probe3 hits=1 mode=2
js init=1 screen_active=1 arena=163840 evals=4 exceptions=0 dispatches=47 last_error=""
pulp> 
# >>> js tap 270 145
js tap 270 145
I (86406) js: js present: page=probe3 hits=1 mode=2
js init=1 screen_active=1 arena=163840 evals=4 exceptions=0 dispatches=48 last_error=""
pulp> 
# >>> js status
js status
js init=1 screen_active=1 arena=163840 evals=4 exceptions=0 dispatches=48 last_error=""
pulp> 
# done
