# port=/dev/serial/by-id/usb-Espressif_USB_JTAG_serial_debug_unit_D0:CF:13:16:17:DC-if00 modem_control=none
I (106) esp_image: segment 3: paddr=00070020 vaddr=42000020 size[5nI (1026) runtime: runtime ready: ops=512 arena=32768B trace=16384B widgets=128 (17412 bytes, PSRAM)
I (1041) gpio: GPIO[5]| InputEn: 0| OutputEn: 0| OpenDrain: 0| Pullup: 1| Pulldown: 0| Intr:0 
I (1041) gpio: GPIO[6]| InputEn: 0| OutputEn: 0| OpenDr
# >>> js probe 3
js probe 3
I (23695) js: context ready: arena=163840 bytes, abi=v2
I (23805) m5_backend: present id=2 intent=CleanFull ops=2 skipped=0 damage=0,0,540,960 render_us=101208 wait_us=9
I (23806) js: js present: page=probe3 hits=1 mode=1
pulp screen: probe3
js init=1 screen_active=1 arena=163840 evals=2 exceptions=0 dispatches=0 last_error=""
pulp> 
# >>> js tap 270 300
js tap 270 300
js init=1 screen_active=1 arena=163840 evals=2 exceptions=0 dispatches=1 last_error=""
pulp> 
# >>> js tap 270 300
js tap 270 300
js init=1 screen_active=1 arena=163840 evals=2 exceptions=0 dispatches=2 last_error=""
pulp> I (33239) input: gesture Tap at 252,440
I (35259) input: quiet window reached (1 total)

# >>> js swipe 5
js swipe 5
probe3: swipe down
js init=1 screen_active=1 arena=163840 evals=2 exceptions=0 dispatches=4 last_error=""
pulp> 
# >>> js probe 4
js probe 4
I (39897) m5_backend: present id=3 intent=CleanFull ops=3 skipped=0 damage=0,0,540,960 render_us=116245 wait_us=9
I (39898) js: js present: page=probe4 hits=0 mode=1
pulp screen: probe4
js init=1 screen_active=1 arena=163840 evals=3 exceptions=0 dispatches=4 last_error=""
pulp> I (40930) m5_backend: present id=4 intent=TextRegion ops=2 skipped=0 damage=40,129,460,86 render_us=28299 wait_us=10
I (40932) runtime: update present: 1 rect(s), damage 460x86 at 40,129
I (40932) js: js present: page=probe4 hits=0 mode=2
I (41967) m5_backend: present id=5 intent=TextRegion ops=2 skipped=0 damage=40,129,460,86 render_us=25273 wait_us=10
I (41969) runtime: update present: 1 rect(s), damage 460x86 at 40,129
I (41969) js: js present: page=probe4 hits=0 mode=2
I (42997) m5_backend: present id=6 intent=TextRegion ops=2 skipped=0 damage=40,129,460,86 render_us=16145 wait_us=5
I (42998) runtime: update present: 1 rect(s), damage 460x86 at 40,129
I (42999) js: js present: page=probe4 hits=0 mode=2
I (43060) input: gesture Tap at 264,499

# done
