# port=/dev/serial/by-id/usb-Espressif_USB_JTAG_serial_debug_unit_D0:CF:13:16:17:DC-if00 modem_control=none
I (106) esp_image: segment 3: paddr=00070020 vaddr=42000020 size[5nI (1032) runtime: runtime ready: ops=512 arena=32768B trace=16384B widgets=128 (17412 bytes, PSRAM)
I (1047) gpio: GPIO[5]| InputEn: 0| OutputEn: 0| OpenDrain: 0| Pullup: 1| Pulldown: 0| Intr:0 
I (1047) gpio: GPIO[6]| InputEn: 0| OutputEn: 0| OpenDr
# >>> js pulp
js pulp
I (21250) js: context ready: arena=163840 bytes, abi=v2
PULP OS v2 booting, abi v2
pulp screen: home
I (21502) m5_backend: present id=2 intent=CleanFull ops=27 skipped=0 damage=0,0,540,960 render_us=220451 wait_us=7
I (21504) js: js present: page=home hits=7 mode=1
js init=1 screen_active=1 arena=163840 evals=2 exceptions=0 dispatches=0 last_error=""
pulp> 
# >>> js tap 270 240
js tap 270 240
I (25267) js: tap 270,240 hit=4 (regions=7)
pulp screen: dice
I (25417) m5_backend: present id=3 intent=CleanFull ops=18 skipped=0 damage=0,0,540,960 render_us=140136 wait_us=5
I (25418) js: js present: page=dice hits=4 mode=1
I (25682) m5_backend: present id=4 intent=TextPage ops=18 skipped=0 damage=0,0,540,960 render_us=232535 wait_us=9
I (25684) js: js present: page=dice hits=4 mode=2
js init=1 screen_active=1 arena=163840 evals=2 exceptions=0 dispatches=1 last_error=""
pulp> 
# >>> js hits
js hits
js hits: 4 region(s), page=dice active=1
  hit[0] cb=3 rect=42,348 108x72 z=0
  hit[1] cb=4 rect=158,348 108x72 z=0
  hit[2] cb=5 rect=274,348 108x72 z=0
  hit[3] cb=6 rect=390,348 108x72 z=0
js init=1 screen_active=1 arena=163840 evals=2 exceptions=0 dispatches=1 last_error=""
pulp> 
# done
