# port=/dev/serial/by-id/usb-Espressif_USB_JTAG_serial_debug_unit_D0:CF:13:16:17:DC-if00 modem_control=none
I (26272) input: quiet window reached (1 total)
I (28552) input: gesture SwipeDown at 309,500
pulp screen: home
I (28781) m5_backend: present id=5 intent=CleanFull ops=27 skipped=0 damage=0,0,540,960 render_us=197891 wait_us=7
I (28783) js: js present: pa
# >>> js tap 154 370
js tap 154 370
I (98357) js: tap 154,370 hit=6 (regions=7)
pulp screen: 2048
I (98490) m5_backend: present id=6 intent=CleanFull ops=30 skipped=0 damage=0,0,540,960 render_us=119503 wait_us=5
I (98492) js: js present: page=2048 hits=3 mode=1
I (98567) m5_backend: present id=7 intent=TextRegion ops=17 skipped=0 damage=30,159,480,251 render_us=50591 wait_us=6
I (98569) runtime: update present: 3 rect(s), damage 480x251 at 30,159
I (98569) js: js present: page=2048 hits=3 mode=2
js init=1 screen_active=1 arena=163840 evals=2 exceptions=0 dispatches=20 last_error=""
pulp> 
# >>> js tap 306 370
js tap 306 370
I (101386) js: tap 306,370 hit=0 (regions=3)
js init=1 screen_active=1 arena=163840 evals=2 exceptions=0 dispatches=21 last_error=""
pulp> 
# done
