# port=/dev/serial/by-id/usb-Espressif_USB_JTAG_serial_debug_unit_D0:CF:13:16:17:DC-if00 modem_control=none

# >>> js tap 96 380
js tap 96 380
I (50407) js: tap 96,380 hit=3 (regions=4)
I (50467) m5_backend: present id=5 intent=TextRegion ops=12 skipped=0 damage=40,139,460,325 render_us=39486 wait_us=5
I (50468) runtime: update present: 4 rect(s), damage 460x325 at 40,139
I (50469) js: js present: page=dice hits=4 mode=2
js init=1 screen_active=1 arena=163840 evals=2 exceptions=0 dispatches=2 last_error=""
pulp> 
# >>> js tap 212 380
js tap 212 380
I (53429) js: tap 212,380 hit=4 (regions=4)
I (53569) m5_backend: present id=6 intent=TextPage ops=18 skipped=0 damage=0,0,540,960 render_us=129086 wait_us=5
I (53570) js: js present: page=dice hits=4 mode=2
js init=1 screen_active=1 arena=163840 evals=2 exceptions=0 dispatches=3 last_error=""
pulp> 
# >>> js swipe 5
js swipe 5
pulp screen: home
I (56657) m5_backend: present id=7 intent=CleanFull ops=27 skipped=0 damage=0,0,540,960 render_us=196247 wait_us=7
I (56659) js: js present: page=home hits=7 mode=1
js init=1 screen_active=1 arena=163840 evals=2 exceptions=0 dispatches=4 last_error=""
pulp> 
# >>> js tap 270 480
js tap 270 480
I (59469) js: tap 270,480 hit=8 (regions=7)
pulp screen: postcard
I (59638) m5_backend: present id=8 intent=CleanFull ops=43 skipped=0 damage=0,0,540,960 render_us=151206 wait_us=5
I (59640) js: js present: page=postcard hits=30 mode=1
I (59676) m5_backend: present id=9 intent=TextRegion ops=3 skipped=0 damage=24,121,492,52 render_us=13070 wait_us=6
I (59677) runtime: update present: 2 rect(s), damage 492x52 at 24,121
I (59678) js: js present: page=postcard hits=30 mode=2
js init=1 screen_active=1 arena=163840 evals=2 exceptions=0 dispatches=5 last_error=""
pulp> 
# >>> js hits
js hits
js hits: 30 region(s), page=postcard active=1
  hit[0] cb=3 rect=28,190 52x56 z=0
  hit[1] cb=4 rect=82,190 52x56 z=0
  hit[2] cb=5 rect=136,190 52x56 z=0
  hit[3] cb=6 rect=190,190 52x56 z=0
  hit[4] cb=7 rect=244,190 52x56 z=0
  hit[5] cb=8 rect=298,190 52x56 z=0
  hit[6] cb=9 rect=352,190 52x56 z=0
  hit[7] cb=10 rect=406,190 52x56 z=0
  hit[8] cb=11 rect=460,190 52x56 z=0
  hit[9] cb=12 rect=28,263 52x56 z=0
  hit[10] cb=13 rect=82,263 52x56 z=0
  hit[11] cb=14 rect=136,263 52x56 z=0
  hit[12] cb=15 rect=190,263 52x56 z=0
  hit[13] cb=16 rect=244,263 52x56 z=0
  hit[14] cb=17 rect=298,263 52x56 z=0
  hit[15] cb=18 rect=352,263 52x56 z=0
  hit[16] cb=19 rect=406,263 52x56 z=0
  hit[17] cb=20 rect=460,263 52x56 z=0
  hit[18] cb=21 rect=24,336 52x56 z=0
  hit[19] cb=22 rect=78,336 52x56 z=0
  hit[20] cb=23 rect=132,336 52x56 z=0
  hit[21] cb=24 rect=186,336 52x56 z=0
  hit[22] cb=25 rect=240,336 52x56 z=0
  hit[23] cb=26 rect=294,336 52x56 z=0
  hit[24] cb=27 rect=348,336 52x56 z=0
  hit[25] cb=28 rect=402,336 52x56 z=0
  hit[26] cb=29 rect=456,336 60x52 z=0
  hit[27] cb=30 rect=97,409 52x56 z=0
  hit[28] cb=31 rect=151,409 200x56 z=0
  hit[29] cb=32 rect=353,409 90x56 z=0
js init=1 screen_active=1 arena=163840 evals=2 exceptions=0 dispatches=5 last_error=""
pulp> 
# done
