# port=/dev/serial/by-id/usb-Espressif_USB_JTAG_serial_debug_unit_D0:CF:13:16:17:DC-if00 modem_control=none

# >>> js tap 270 145
js tap 270 145
I (39566) js: tap 270,145 hit=4 (regions=4)
pulp screen: reader
I (39681) m5_backend: present id=4 intent=CleanFull ops=27 skipped=0 damage=0,0,540,960 render_us=90130 wait_us=6
I (39682) js: js present: page=reader hits=0 mode=1
I (40189) m5_backend: present id=5 intent=TextPage ops=20 skipped=0 damage=0,0,540,960 render_us=454708 wait_us=36
I (40191) js: js present: page=reader hits=0 mode=2
js init=1 screen_active=1 arena=163840 evals=2 exceptions=0 dispatches=2 last_error=""
pulp> 
# >>> js swipe 2
js swipe 2
I (42796) m5_backend: present id=6 intent=TextRegion ops=18 skipped=0 damage=40,51,460,899 render_us=149752 wait_us=11
I (42797) runtime: update present: 16 rect(s), damage 460x899 at 40,51
I (42798) js: js present: page=reader hits=0 mode=2
js init=1 screen_active=1 arena=163840 evals=2 exceptions=0 dispatches=3 last_error=""
pulp> 
# >>> js swipe 3
js swipe 3
I (45771) m5_backend: present id=7 intent=TextRegion ops=18 skipped=0 damage=40,51,460,899 render_us=128855 wait_us=7
I (45772) runtime: update present: 16 rect(s), damage 460x899 at 40,51
I (45773) js: js present: page=reader hits=0 mode=2
js init=1 screen_active=1 arena=163840 evals=2 exceptions=0 dispatches=4 last_error=""
pulp> 
# done
