# port=/dev/serial/by-id/usb-Espressif_USB_JTAG_serial_debug_unit_D0:CF:13:16:17:DC-if00 modem_control=none

# >>> js swipe 5
js swipe 5
pulp screen: home
I (112240) m5_backend: present id=13 intent=CleanFull ops=27 skipped=0 damage=0,0,540,960 render_us=196183 wait_us=7
I (112242) js: js present: page=home hits=7 mode=1
js init=1 screen_active=1 arena=163840 evals=3 exceptions=0 dispatches=9 last_error=""
pulp> 
# >>> js tap 270 180
js tap 270 180
I (115029) js: tap 270,180 hit=3 (regions=7)
I (115105) storage: library scan: 3 book(s) (2 cached, 1 hashed) in 74 ms
pulp screen: library
I (115238) m5_backend: present id=14 intent=CleanFull ops=11 skipped=0 damage=0,0,540,960 render_us=120427 wait_us=7
I (115239) js: js present: page=library hits=3 mode=1
js init=1 screen_active=1 arena=163840 evals=3 exceptions=0 dispatches=10 last_error=""
pulp> 
# >>> js hits
js hits
js hits: 3 region(s), page=library active=1
  hit[0] cb=3 rect=0,85 540x41 z=0
  hit[1] cb=4 rect=0,126 540x41 z=0
  hit[2] cb=5 rect=0,167 540x41 z=0
js init=1 screen_active=1 arena=163840 evals=3 exceptions=0 dispatches=10 last_error=""
pulp> 
# done
