# port=/dev/serial/by-id/usb-Espressif_USB_JTAG_serial_debug_unit_D0:CF:13:16:17:DC-if00 modem_control=none

# >>> js tap 270 100
js tap 270 100
I (141804) js: tap 270,100 hit=3 (regions=3)
pulp screen: reader
I (141922) m5_backend: present id=15 intent=CleanFull ops=27 skipped=0 damage=0,0,540,960 render_us=88662 wait_us=7
I (141923) js: js present: page=reader hits=0 mode=1
I (142469) m5_backend: present id=16 intent=TextPage ops=15 skipped=0 damage=0,0,540,960 render_us=479412 wait_us=30
I (142471) js: js present: page=reader hits=0 mode=2
js init=1 screen_active=1 arena=163840 evals=3 exceptions=0 dispatches=11 last_error=""
pulp> 
# >>> js swipe 3
js swipe 3
I (145338) m5_backend: present id=17 intent=TextPage ops=23 skipped=0 damage=0,0,540,960 render_us=375463 wait_us=7
I (145339) js: js present: page=reader hits=0 mode=2
js init=1 screen_active=1 arena=163840 evals=3 exceptions=0 dispatches=12 last_error=""
pulp> 
# >>> js swipe 2
js swipe 2
js init=1 screen_active=1 arena=163840 evals=3 exceptions=0 dispatches=13 last_error=""
pulp> 
# >>> js tap 400 500
js tap 400 500
I (150894) js: tap 400,500 hit=0 (regions=0)
js init=1 screen_active=1 arena=163840 evals=3 exceptions=0 dispatches=14 last_error=""
pulp> 
# done
