# port=/dev/serial/by-id/usb-Espressif_USB_JTAG_serial_debug_unit_D0:CF:13:16:17:DC-if00 modem_control=none

# >>> js tap 324 290
js tap 324 290
I (82292) js: tap 324,290 hit=17 (regions=30)
I (82312) m5_backend: present id=10 intent=TextRegion ops=3 skipped=0 damage=24,121,492,52 render_us=6558 wait_us=7
I (82314) runtime: update present: 2 rect(s), damage 492x52 at 24,121
I (82314) js: js present: page=postcard hits=30 mode=2
js init=1 screen_active=1 arena=163840 evals=2 exceptions=0 dispatches=6 last_error=""
pulp> 
# >>> js tap 432 218
js tap 432 218
I (85325) js: tap 432,218 hit=10 (regions=30)
I (85345) m5_backend: present id=11 intent=TextRegion ops=3 skipped=0 damage=24,121,492,52 render_us=6918 wait_us=7
I (85347) runtime: update present: 2 rect(s), damage 492x52 at 24,121
I (85347) js: js present: page=postcard hits=30 mode=2
js init=1 screen_active=1 arena=163840 evals=2 exceptions=0 dispatches=7 last_error=""
pulp> 
# >>> js tap 398 437
js tap 398 437
I (88363) js: tap 398,437 hit=32 (regions=30)
I (88396) m5_backend: present id=12 intent=TextRegion ops=3 skipped=0 damage=24,121,492,52 render_us=8461 wait_us=7
I (88398) runtime: update present: 2 rect(s), damage 492x52 at 24,121
I (88398) js: js present: page=postcard hits=30 mode=2
js init=1 screen_active=1 arena=163840 evals=2 exceptions=0 dispatches=8 last_error=""
pulp> 
# >>> js probe 5
js probe 5
probe5: battery=100
probe5: store=42
probe5: books=0
js init=1 screen_active=1 arena=163840 evals=3 exceptions=0 dispatches=8 last_error=""
pulp> 
# done
