# port=/dev/serial/by-id/usb-Espressif_USB_JTAG_serial_debug_unit_D0:CF:13:16:17:DC-if00 modem_control=none
I (101) esp_image: segment 2: paddr=0006c9e0 vaddr=40374000 size[5nI (1033) runtime: runtime ready: ops=512 arena=32768B trace=16384B widgets=128 (26652 bytes, PSRAM)
I (1048) gpio: GPIO[5]| InputEn: 0| OutputEn: 0| OpenDrain: 0| Pullup: 1| Pulldown: 0| Intr:0 
I (1048) gpio: GPIO[6]| InputEn: 0| OutputEn: 0| OpenDr
# >>> js probe 13
js probe 13
js error in <runaway>: InternalError: interrupted
    at <eval> (<runaway>)
probe13: runaway -> CorruptData after 804 ms
js error in <storm>: Error: storm
    at <eval> (<storm>:1:16)
js error in <storm>: Error: storm
    at <eval> (<storm>:1:16)
js error in <storm>: Error: storm
    at <eval> (<storm>:1:16)
js error in <storm>: Error: storm
    at <eval> (<storm>:1:16)
js error in <storm>: Error: storm
    at <eval> (<storm>:1:16)
js error in <storm>: Error: storm
    at <eval> (<storm>:1:16)
js error in <storm>: Error: storm
    at <eval> (<storm>:1:16)
js error in <storm>: Error: storm
    at <eval> (<storm>:1:16)
js error in <storm>: Error: storm
    at <eval> (<storm>:1:16)
js error in <storm>: Error: storm
    at <eval> (<storm>:1:16)
js error in <storm>: Error: storm
    at <eval> (<storm>:1:16)
js error in <storm>: Error: storm
    at <eval> (<storm>:1:16)
js error in <storm>: Error: storm
    at <eval> (<storm>:1:16)
js error in <storm>: Error: storm
    at <eval> (<storm>:1:16)
js error in <storm>: Error: storm
    at <eval> (<storm>:1:16)
js error in <storm>: Error: storm
    at <eval> (<storm>:1:16)
js error in <storm>: Error: storm
    at <eval> (<storm>:1:16)
js error in <storm>: Error: storm
    at <eval> (<storm>:1:16)
js error in <storm>: Error: storm
    at <eval> (<storm>:1:16)
js error in <storm>: Error: storm
    at <eval> (<storm>:1:16)
js error in <storm>: Error: storm
    at <eval> (<storm>:1:16)
js error in <storm>: Error: storm
    at <eval> (<storm>:1:16)
js error in <storm>: Error: storm
    at <eval> (<storm>:1:16)
js error in <storm>: Error: storm
    at <eval> (<storm>:1:16)
js error in <storm>: Error: storm
    at <eval> (<storm>:1:16)
js error in <storm>: Error: storm
    at <eval> (<storm>:1:16)
js error in <storm>: Error: storm
    at <eval> (<storm>:1:16)
js error in <storm>: Error: storm
    at <eval> (<storm>:1:16)
js error in <storm>: Error: storm
    at <eval> (<storm>:1:16)
js error in <storm>: Error: storm
    at <eval> (<storm>:1:16)
js error in <storm>: Error: storm
    at <eval> (<storm>:1:16)
js error in <storm>: Error: storm
    at <eval> (<storm>:1:16)
js error in <storm>: Error: storm
    at <eval> (<storm>:1:16)
js error in <storm>: Error: storm
    at <eval> (<storm>:1:16)
js error in <storm>: Error: storm
    at <eval> (<storm>:1:16)
js error in <storm>: Error: storm
    at <eval> (<storm>:1:16)
js error in <storm>: Error: storm
    at <eval> (<storm>:1:16)
js error in <storm>: Error: storm
    at <eval> (<storm>:1:16)
js error in <storm>: Error: storm
    at <eval> (<storm>:1:16)
js error in <storm>: Error: storm
    at <eval> (<storm>:1:16)
js error in <storm>: Error: storm
    at <eval> (<storm>:1:16)
js error in <storm>: Error: storm
    at <eval> (<storm>:1:16)
js error in <storm>: Error: storm
    at <eval> (<storm>:1:16)
js error in <storm>: Error: storm
    at <eval> (<storm>:1:16)
js error in <storm>: Error: storm
    at <eval> (<storm>:1:16)
js error in <storm>: Error: storm
    at <eval> (<storm>:1:16)
js error in <storm>: Error: storm
    at <eval> (<storm>:1:16)
js error in <storm>: Error: storm
    at <eval> (<storm>:1:16)
js error in <storm>: Error: storm
    at <eval> (<storm>:1:16)
js error in <storm>: Error: storm
    at <eval> (<storm>:1:16)
probe13: context alive after storm
js init=1 screen_active=1 arena=163840 evals=54 exceptions=51 dispatches=0 last_error="Error: storm"
pulp> 
# >>> js probe 14
js probe 14
I (12783) js: js present: page=trace14 hits=0 mode=1
probe14 trace-compare: EQUAL (native=831 bytes, js=831 bytes)
js init=1 screen_active=1 arena=163840 evals=55 exceptions=51 dispatches=0 last_error="Error: storm"
pulp> 
# >>> js status
js status
js init=1 screen_active=1 arena=163840 evals=55 exceptions=51 dispatches=0 last_error="Error: storm"
pulp> 
# done
