# port=/dev/serial/by-id/usb-Espressif_USB_JTAG_serial_debug_unit_D0:CF:13:16:17:DC-if00 modem_control=none

# >>> heap
heap
internal_free=225971 internal_min_free=223255 internal_largest=124928
psram_free=6491176 psram_largest=6422528
pulp> 
# >>> js pulp
js pulp
PULP OS v2 booting, abi v2
pulp screen: home
I (74568) m5_backend: present id=4 intent=CleanFull ops=30 skipped=0 damage=0,0,540,960 render_us=204586 wait_us=7
I (74570) js: js present: page=home hits=8 mode=1
js init=1 screen_active=1 arena=163840 evals=56 exceptions=51 dispatches=0 last_error="Error: storm"
pulp> 
# >>> js tap 270 297
js tap 270 297
I (76336) js: tap 270,297 hit=5 (regions=8)
pulp screen: blitz
I (76646) m5_backend: present id=5 intent=CleanFull ops=12 skipped=0 damage=0,0,540,960 render_us=281537 wait_us=8
I (76648) js: js present: page=blitz hits=2 mode=1
js init=1 screen_active=1 arena=163840 evals=56 exceptions=51 dispatches=1 last_error="Error: storm"
pulp> I (77679) js: js present: page=blitz hits=2 mode=2

# >>> js tap 270 150
js tap 270 150
I (78338) js: tap 270,150 hit=8 (regions=2)
I (78349) js: js present: page=blitz hits=2 mode=2
js init=1 screen_active=1 arena=163840 evals=56 exceptions=51 dispatches=3 last_error="Error: storm"
pulp> I (79399) m5_backend: present id=6 intent=TextRegion ops=3 skipped=0 damage=40,336,460,114 render_us=21843 wait_us=12
I (79400) runtime: update present: 2 rect(s), damage 460x114 at 40,336
I (79401) js: js present: page=blitz hits=2 mode=2

# >>> js tap 270 700
js tap 270 700
I (80360) js: tap 270,700 hit=0 (regions=2)
js init=1 screen_active=1 arena=163840 evals=56 exceptions=51 dispatches=5 last_error="Error: storm"
pulp> I (80434) m5_backend: present id=7 intent=TextRegion ops=2 skipped=0 damage=40,336,460,86 render_us=16879 wait_us=8
I (80435) runtime: update present: 1 rect(s), damage 460x86 at 40,336
I (80436) js: js present: page=blitz hits=2 mode=2
I (81475) m5_backend: present id=8 intent=TextRegion ops=2 skipped=0 damage=40,336,460,86 render_us=17821 wait_us=8
I (81476) runtime: update present: 1 rect(s), damage 460x86 at 40,336
I (81477) js: js present: page=blitz hits=2 mode=2

# >>> js swipe 1
js swipe 1
I (82391) js: js present: page=blitz hits=2 mode=2
js init=1 screen_active=1 arena=163840 evals=56 exceptions=51 dispatches=8 last_error="Error: storm"
pulp> I (83434) m5_backend: present id=9 intent=TextRegion ops=3 skipped=0 damage=40,336,460,114 render_us=17681 wait_us=5
I (83435) runtime: update present: 2 rect(s), damage 460x114 at 40,336
I (83436) js: js present: page=blitz hits=2 mode=2

# >>> js swipe 5
js swipe 5
pulp screen: home
I (84633) m5_backend: present id=10 intent=CleanFull ops=30 skipped=0 damage=0,0,540,960 render_us=203965 wait_us=7
I (84635) js: js present: page=home hits=8 mode=1
js init=1 screen_active=1 arena=163840 evals=56 exceptions=51 dispatches=10 last_error="Error: storm"
pulp> 
# >>> js tap 270 358
js tap 270 358
I (86401) js: tap 270,358 hit=6 (regions=8)
pulp screen: 2048
I (86654) m5_backend: present id=11 intent=CleanFull ops=30 skipped=0 damage=0,0,540,960 render_us=222671 wait_us=9
I (86656) js: js present: page=2048 hits=3 mode=1
I (86732) m5_backend: present id=12 intent=TextRegion ops=17 skipped=0 damage=30,159,480,251 render_us=53429 wait_us=9
I (86733) runtime: update present: 3 rect(s), damage 480x251 at 30,159
I (86734) js: js present: page=2048 hits=3 mode=2
js init=1 screen_active=1 arena=163840 evals=56 exceptions=51 dispatches=11 last_error="Error: storm"
pulp> 
# >>> js swipe 2
js swipe 2
I (88515) m5_backend: present id=13 intent=TextRegion ops=15 skipped=0 damage=34,93,472,196 render_us=35861 wait_us=7
I (88517) runtime: update present: 3 rect(s), damage 472x196 at 34,93
I (88517) js: js present: page=2048 hits=3 mode=2
js init=1 screen_active=1 arena=163840 evals=56 exceptions=51 dispatches=12 last_error="Error: storm"
pulp> 