binary_sha256=3a263b5fc211c9c4564378ae178538f58cdaa031554e802a5405d5ba517858ab
idf=ESP-IDF v5.4.2
esptool.py --chip esp32s3 -p /dev/serial/by-id/usb-Espressif_USB_JTAG_serial_debug_unit_D0:CF:13:16:17:DC-if00 -b 460800 --before default_reset --after no_reset write_flash --flash_mode dio --flash_freq 80m --flash_size 16MB 0x0 bootloader/bootloader.bin 0x10000 papers3_epd_density_gray_ladder.bin 0x8000 partition_table/partition-table.bin
esptool.py v4.11.0
Serial port /dev/serial/by-id/usb-Espressif_USB_JTAG_serial_debug_unit_D0:CF:13:16:17:DC-if00
Connecting....
Chip is ESP32-S3 (QFN56) (revision v0.2)
Features: WiFi, BLE, Embedded PSRAM 8MB (AP_3v3)
Crystal is 40MHz
USB mode: USB-Serial/JTAG
MAC: d0:cf:13:16:17:dc
Uploading stub...
Running stub...
Stub running...
Changing baud rate to 460800
Changed.
Configuring flash size...
Flash will be erased from 0x00000000 to 0x00005fff...
Flash will be erased from 0x00010000 to 0x0006cfff...
Flash will be erased from 0x00008000 to 0x00008fff...
SHA digest in image updated
Compressed 20784 bytes to 13201...
Writing at 0x00000000... (100 %)
Wrote 20784 bytes (13201 compressed) at 0x00000000 in 0.2 seconds (effective 736.1 kbit/s)...
Hash of data verified.
Compressed 378112 bytes to 139847...
Writing at 0x00010000... (11 %)
Writing at 0x0002393c... (22 %)
Writing at 0x0003f140... (33 %)
Writing at 0x00044ee3... (44 %)
Writing at 0x0004b995... (55 %)
Writing at 0x00051a8a... (66 %)
Writing at 0x0005c527... (77 %)
Writing at 0x00062690... (88 %)
Writing at 0x00068ecd... (100 %)
Wrote 378112 bytes (139847 compressed) at 0x00010000 in 2.0 seconds (effective 1509.7 kbit/s)...
Hash of data verified.
Compressed 3072 bytes to 105...
Writing at 0x00008000... (100 %)
Wrote 3072 bytes (105 compressed) at 0x00008000 in 0.0 seconds (effective 840.7 kbit/s)...
Hash of data verified.

Leaving...
Staying in bootloader.
